/home/dhritiaravind/snn_parkour_fpga/train/03_train.py:69: UserWarning: Converting a tensor with requires_grad=True to a scalar may lead to unexpected behavior.
Consider using tensor.detach() first. (Triggered internally at /pytorch/torch/csrc/autograd/generated/python_variable_methods.cpp:836.)
  tot_loss += float(loss) * y.numel()
encoding : binarised   (D0003)
loading dvsgesture (first epoch also builds the frame cache)...
device: cuda   train batches: 8   test batches: 3

epoch  1    1.9s  train acc 0.328  test acc 0.466  |  rates c1=0.038  c2=0.051  c3=0.052  fc=0.058
epoch  2    0.4s  train acc 0.550  test acc 0.549  |  rates c1=0.038  c2=0.052  c3=0.057  fc=0.089
epoch  3    0.4s  train acc 0.638  test acc 0.595  |  rates c1=0.039  c2=0.056  c3=0.067  fc=0.119
epoch  4    0.4s  train acc 0.698  test acc 0.617  |  rates c1=0.039  c2=0.058  c3=0.069  fc=0.129
epoch  5    0.4s  train acc 0.741  test acc 0.648  |  rates c1=0.039  c2=0.059  c3=0.068  fc=0.124
epoch  6    0.4s  train acc 0.792  test acc 0.659  |  rates c1=0.040  c2=0.061  c3=0.070  fc=0.131
epoch  7    0.4s  train acc 0.817  test acc 0.636  |  rates c1=0.040  c2=0.063  c3=0.075  fc=0.141
epoch  8    0.4s  train acc 0.850  test acc 0.633  |  rates c1=0.040  c2=0.066  c3=0.079  fc=0.156
epoch  9    0.4s  train acc 0.866  test acc 0.648  |  rates c1=0.041  c2=0.068  c3=0.082  fc=0.162
epoch 10    0.4s  train acc 0.891  test acc 0.659  |  rates c1=0.041  c2=0.069  c3=0.083  fc=0.165
epoch 11    0.4s  train acc 0.921  test acc 0.689  |  rates c1=0.042  c2=0.071  c3=0.085  fc=0.169
epoch 12    0.4s  train acc 0.956  test acc 0.670  |  rates c1=0.042  c2=0.073  c3=0.091  fc=0.180
epoch 13    0.4s  train acc 0.959  test acc 0.674  |  rates c1=0.042  c2=0.075  c3=0.096  fc=0.194
epoch 14    0.4s  train acc 0.968  test acc 0.689  |  rates c1=0.043  c2=0.076  c3=0.096  fc=0.193
epoch 15    0.4s  train acc 0.983  test acc 0.689  |  rates c1=0.043  c2=0.078  c3=0.097  fc=0.198
epoch 16    0.4s  train acc 0.997  test acc 0.674  |  rates c1=0.044  c2=0.079  c3=0.100  fc=0.203
epoch 17    0.4s  train acc 0.990  test acc 0.686  |  rates c1=0.044  c2=0.081  c3=0.104  fc=0.212
epoch 18    0.4s  train acc 0.992  test acc 0.678  |  rates c1=0.044  c2=0.082  c3=0.106  fc=0.217
epoch 19    0.4s  train acc 0.985  test acc 0.667  |  rates c1=0.044  c2=0.082  c3=0.105  fc=0.208
epoch 20    0.4s  train acc 0.992  test acc 0.682  |  rates c1=0.044  c2=0.081  c3=0.102  fc=0.209
epoch 21    0.4s  train acc 0.971  test acc 0.689  |  rates c1=0.044  c2=0.080  c3=0.097  fc=0.196
epoch 22    0.4s  train acc 0.979  test acc 0.652  |  rates c1=0.044  c2=0.079  c3=0.095  fc=0.189
epoch 23    0.4s  train acc 0.978  test acc 0.655  |  rates c1=0.044  c2=0.079  c3=0.092  fc=0.186
epoch 24    0.4s  train acc 0.998  test acc 0.689  |  rates c1=0.045  c2=0.080  c3=0.095  fc=0.196
epoch 25    0.4s  train acc 0.996  test acc 0.686  |  rates c1=0.045  c2=0.081  c3=0.098  fc=0.202
epoch 26    0.4s  train acc 1.000  test acc 0.682  |  rates c1=0.045  c2=0.082  c3=0.101  fc=0.210
epoch 27    0.4s  train acc 1.000  test acc 0.693  |  rates c1=0.045  c2=0.083  c3=0.104  fc=0.215
epoch 28    0.4s  train acc 1.000  test acc 0.712  |  rates c1=0.045  c2=0.083  c3=0.106  fc=0.221
epoch 29    0.4s  train acc 1.000  test acc 0.693  |  rates c1=0.045  c2=0.084  c3=0.107  fc=0.223
epoch 30    0.4s  train acc 1.000  test acc 0.693  |  rates c1=0.046  c2=0.085  c3=0.108  fc=0.225

per-epoch log -> experiments/m0_firing_rates_binarised_dvsgesture_seed0_t16.csv
plot -> experiments/m0_firing_rates_binarised.png

--- final per-layer firing rates (binarised) ---
  c1    4.55% of neurons fire per timestep
  c2    8.49% of neurons fire per timestep
  c3   10.81% of neurons fire per timestep
  fc   22.45% of neurons fire per timestep

final test accuracy: 69.32%
checkpoint -> /tmp/det_A.pt

This is a measurement, not a target. Do not tune it.
checkpoint : ../../../tmp/det_A.pt  (trained test acc 69.32%)

layer  max|w|    k   scale     rms rounding err   clipped
conv1  0.9627    7   2^-7     2.24e-03   --
       -> integer threshold for this layer = 2^7 = 128
conv2  0.5033    7   2^-7     2.24e-03   --
       -> integer threshold for this layer = 2^7 = 128
conv3  0.3780    8   2^-8     1.13e-03   --
       -> integer threshold for this layer = 2^8 = 256
fc     0.3148    8   2^-8     1.13e-03   --
       -> pool /4 folds in: FC effective shift k+2 = 10
       -> integer threshold for this layer = 2^8 = 256

float weights      : 69.32%
int8 weights       : 70.08%
drop from rounding : -0.76 pp   (M1 budget ~1 pp for the full fixed-point model)

weights -> ../../../tmp/det_A.npz
golden model over 264 test samples (integer datapath, float readout)
    264/264  acc so far 71.21%

float model   : 69.32%
golden integer: 71.21%
drop          : -1.89 pp   (M1 gate: ~1 pp)

membrane ranges over the run (hardware budget: int16, +-32767):
  c1  V in [  -4423,   2605]  -> 14 bits  fits int16  ( 13 % of int16)
  c2  V in [  -2594,   1869]  -> 13 bits  fits int16  (  8 % of int16)
  c3  V in [  -6922,   5707]  -> 14 bits  fits int16  ( 21 % of int16)
  fc  V in [ -32118,  29340]  -> 16 bits  fits int16  ( 98 % of int16)
  membrane headroom: worst layer fc uses 98 % of int16 -> 2 % headroom

trace samples (C0039, seed 20260820): idx [8, 21, 24, 29, 68, 83, 98, 180, 181, 184, 206, 223, 252, 257, 260, 263] labels [3, 4, 1, 2, 1, 8, 4, 10, 9, 3, 3, 7, 4, 10, 2, 4]

traces for 16 samples -> ../../../tmp/det_tr.npz  (15.8 MB)

PASS: golden model holds accuracy and fits the membrane budget.
