/home/dhritiaravind/snn_parkour_fpga/train/03_train.py:69: UserWarning: Converting a tensor with requires_grad=True to a scalar may lead to unexpected behavior.
Consider using tensor.detach() first. (Triggered internally at /pytorch/torch/csrc/autograd/generated/python_variable_methods.cpp:836.)
  tot_loss += float(loss) * y.numel()
encoding : binarised   (D0003)
loading dvsgesture (first epoch also builds the frame cache)...
device: cuda   train batches: 8   test batches: 3

epoch  1    1.8s  train acc 0.328  test acc 0.466  |  rates c1=0.038  c2=0.051  c3=0.052  fc=0.058
epoch  2    0.4s  train acc 0.554  test acc 0.545  |  rates c1=0.038  c2=0.052  c3=0.057  fc=0.089
epoch  3    0.4s  train acc 0.643  test acc 0.614  |  rates c1=0.039  c2=0.056  c3=0.067  fc=0.120
epoch  4    0.4s  train acc 0.698  test acc 0.617  |  rates c1=0.039  c2=0.059  c3=0.069  fc=0.130
epoch  5    0.4s  train acc 0.733  test acc 0.644  |  rates c1=0.039  c2=0.060  c3=0.068  fc=0.125
epoch  6    0.4s  train acc 0.779  test acc 0.648  |  rates c1=0.040  c2=0.062  c3=0.071  fc=0.132
epoch  7    0.4s  train acc 0.815  test acc 0.652  |  rates c1=0.040  c2=0.064  c3=0.075  fc=0.141
epoch  8    0.4s  train acc 0.840  test acc 0.652  |  rates c1=0.041  c2=0.067  c3=0.080  fc=0.156
epoch  9    0.4s  train acc 0.858  test acc 0.663  |  rates c1=0.041  c2=0.068  c3=0.081  fc=0.157
epoch 10    0.4s  train acc 0.879  test acc 0.674  |  rates c1=0.041  c2=0.069  c3=0.081  fc=0.155
epoch 11    0.4s  train acc 0.928  test acc 0.686  |  rates c1=0.042  c2=0.071  c3=0.085  fc=0.166
epoch 12    0.4s  train acc 0.952  test acc 0.648  |  rates c1=0.042  c2=0.074  c3=0.092  fc=0.183
epoch 13    0.4s  train acc 0.948  test acc 0.674  |  rates c1=0.042  c2=0.076  c3=0.095  fc=0.189
epoch 14    0.4s  train acc 0.973  test acc 0.682  |  rates c1=0.043  c2=0.077  c3=0.096  fc=0.194
epoch 15    0.4s  train acc 0.983  test acc 0.682  |  rates c1=0.044  c2=0.079  c3=0.098  fc=0.200
epoch 16    0.4s  train acc 0.992  test acc 0.686  |  rates c1=0.044  c2=0.080  c3=0.102  fc=0.208
epoch 17    0.4s  train acc 0.987  test acc 0.697  |  rates c1=0.044  c2=0.082  c3=0.104  fc=0.209
epoch 18    0.4s  train acc 0.995  test acc 0.701  |  rates c1=0.045  c2=0.083  c3=0.106  fc=0.213
epoch 19    0.4s  train acc 0.989  test acc 0.689  |  rates c1=0.045  c2=0.083  c3=0.105  fc=0.211
epoch 20    0.4s  train acc 0.991  test acc 0.652  |  rates c1=0.045  c2=0.083  c3=0.104  fc=0.212
epoch 21    0.4s  train acc 0.977  test acc 0.682  |  rates c1=0.045  c2=0.081  c3=0.100  fc=0.198
epoch 22    0.4s  train acc 0.984  test acc 0.678  |  rates c1=0.045  c2=0.080  c3=0.097  fc=0.193
epoch 23    0.4s  train acc 0.983  test acc 0.670  |  rates c1=0.045  c2=0.080  c3=0.093  fc=0.190
epoch 24    0.4s  train acc 0.995  test acc 0.686  |  rates c1=0.045  c2=0.080  c3=0.096  fc=0.203
epoch 25    0.4s  train acc 0.998  test acc 0.705  |  rates c1=0.044  c2=0.081  c3=0.099  fc=0.210
epoch 26    0.4s  train acc 0.998  test acc 0.659  |  rates c1=0.045  c2=0.082  c3=0.101  fc=0.213
epoch 27    0.4s  train acc 1.000  test acc 0.682  |  rates c1=0.045  c2=0.083  c3=0.103  fc=0.221
epoch 28    0.4s  train acc 1.000  test acc 0.689  |  rates c1=0.045  c2=0.084  c3=0.105  fc=0.225
epoch 29    0.4s  train acc 1.000  test acc 0.708  |  rates c1=0.045  c2=0.084  c3=0.107  fc=0.231
epoch 30    0.4s  train acc 1.000  test acc 0.701  |  rates c1=0.045  c2=0.085  c3=0.108  fc=0.231

per-epoch log -> experiments/m0_firing_rates_binarised_dvsgesture_seed0_t16.csv
plot -> experiments/m0_firing_rates_binarised.png

--- final per-layer firing rates (binarised) ---
  c1    4.54% of neurons fire per timestep
  c2    8.50% of neurons fire per timestep
  c3   10.83% of neurons fire per timestep
  fc   23.13% of neurons fire per timestep

final test accuracy: 70.08%
checkpoint -> experiments/dvsgesture/t16/dvsgesture_beta0875_seed0_t16.pt

This is a measurement, not a target. Do not tune it.
