/home/dhritiaravind/snn_parkour_fpga/train/03_train.py:69: UserWarning: Converting a tensor with requires_grad=True to a scalar may lead to unexpected behavior.
Consider using tensor.detach() first. (Triggered internally at /pytorch/torch/csrc/autograd/generated/python_variable_methods.cpp:836.)
  tot_loss += float(loss) * y.numel()
encoding : binarised   (D0003)
loading dvsgesture (first epoch also builds the frame cache)...
device: cuda   train batches: 8   test batches: 3

rate penalty: target 0.020, lambda 100.0, layers ('c1', 'c2', 'c3')
epoch  1    1.7s  train acc 0.302  test acc 0.443  |  rates c1=0.049  c2=0.055  c3=0.049  fc=0.072
epoch  2    0.2s  train acc 0.563  test acc 0.542  |  rates c1=0.048  c2=0.052  c3=0.060  fc=0.153
epoch  3    0.2s  train acc 0.638  test acc 0.629  |  rates c1=0.047  c2=0.049  c3=0.063  fc=0.198
epoch  4    0.2s  train acc 0.679  test acc 0.629  |  rates c1=0.047  c2=0.042  c3=0.054  fc=0.192
epoch  5    0.2s  train acc 0.688  test acc 0.602  |  rates c1=0.045  c2=0.040  c3=0.050  fc=0.187
epoch  6    0.2s  train acc 0.734  test acc 0.640  |  rates c1=0.043  c2=0.042  c3=0.051  fc=0.200
epoch  7    0.2s  train acc 0.774  test acc 0.682  |  rates c1=0.043  c2=0.042  c3=0.050  fc=0.209
epoch  8    0.2s  train acc 0.803  test acc 0.655  |  rates c1=0.043  c2=0.041  c3=0.049  fc=0.216
epoch  9    0.2s  train acc 0.816  test acc 0.629  |  rates c1=0.043  c2=0.041  c3=0.047  fc=0.209
epoch 10    0.2s  train acc 0.844  test acc 0.655  |  rates c1=0.043  c2=0.041  c3=0.046  fc=0.211
epoch 11    0.2s  train acc 0.877  test acc 0.614  |  rates c1=0.043  c2=0.040  c3=0.045  fc=0.219
epoch 12    0.2s  train acc 0.894  test acc 0.686  |  rates c1=0.043  c2=0.041  c3=0.046  fc=0.224
epoch 13    0.2s  train acc 0.922  test acc 0.636  |  rates c1=0.043  c2=0.041  c3=0.045  fc=0.227
epoch 14    0.2s  train acc 0.940  test acc 0.670  |  rates c1=0.043  c2=0.040  c3=0.044  fc=0.229
epoch 15    0.2s  train acc 0.978  test acc 0.689  |  rates c1=0.043  c2=0.040  c3=0.045  fc=0.243
epoch 16    0.2s  train acc 0.970  test acc 0.652  |  rates c1=0.042  c2=0.040  c3=0.045  fc=0.246
epoch 17    0.2s  train acc 0.962  test acc 0.678  |  rates c1=0.042  c2=0.039  c3=0.043  fc=0.236
epoch 18    0.2s  train acc 0.990  test acc 0.678  |  rates c1=0.042  c2=0.039  c3=0.042  fc=0.238
epoch 19    0.2s  train acc 0.991  test acc 0.655  |  rates c1=0.042  c2=0.039  c3=0.042  fc=0.244
epoch 20    0.2s  train acc 0.998  test acc 0.663  |  rates c1=0.041  c2=0.038  c3=0.041  fc=0.239
epoch 21    0.2s  train acc 1.000  test acc 0.674  |  rates c1=0.041  c2=0.038  c3=0.041  fc=0.250
epoch 22    0.2s  train acc 0.998  test acc 0.667  |  rates c1=0.040  c2=0.038  c3=0.041  fc=0.255
epoch 23    0.2s  train acc 0.999  test acc 0.633  |  rates c1=0.040  c2=0.037  c3=0.039  fc=0.255
epoch 24    0.2s  train acc 1.000  test acc 0.644  |  rates c1=0.039  c2=0.036  c3=0.038  fc=0.251
epoch 25    0.2s  train acc 1.000  test acc 0.674  |  rates c1=0.038  c2=0.035  c3=0.038  fc=0.254
epoch 26    0.2s  train acc 1.000  test acc 0.644  |  rates c1=0.038  c2=0.035  c3=0.037  fc=0.259
epoch 27    0.2s  train acc 1.000  test acc 0.614  |  rates c1=0.038  c2=0.035  c3=0.037  fc=0.261
epoch 28    0.2s  train acc 1.000  test acc 0.621  |  rates c1=0.037  c2=0.034  c3=0.036  fc=0.256
epoch 29    0.2s  train acc 1.000  test acc 0.659  |  rates c1=0.037  c2=0.034  c3=0.035  fc=0.252
epoch 30    0.2s  train acc 1.000  test acc 0.663  |  rates c1=0.037  c2=0.033  c3=0.035  fc=0.253

per-epoch log -> experiments/rates_binarised_dvsgesture_target0.020_seed0_t8.csv
plot -> experiments/m0_firing_rates_binarised.png

--- final per-layer firing rates (binarised) ---
  c1    3.68% of neurons fire per timestep
  c2    3.32% of neurons fire per timestep
  c3    3.46% of neurons fire per timestep
  fc   25.34% of neurons fire per timestep

final test accuracy: 66.29%
checkpoint -> experiments/rate_sweep_dvsg/t8/dvsg_t8_rate0.02_seed0.pt

This is a measurement, not a target. Do not tune it.
