/home/dhritiaravind/snn_parkour_fpga/train/03_train.py:69: UserWarning: Converting a tensor with requires_grad=True to a scalar may lead to unexpected behavior.
Consider using tensor.detach() first. (Triggered internally at /pytorch/torch/csrc/autograd/generated/python_variable_methods.cpp:836.)
  tot_loss += float(loss) * y.numel()
encoding : binarised   (D0003)
loading dvsgesture (first epoch also builds the frame cache)...
device: cuda   train batches: 8   test batches: 3

rate penalty: target 0.300, lambda 100.0, layers ('c1', 'c2', 'c3')
epoch  1    1.7s  train acc 0.324  test acc 0.473  |  rates c1=0.069  c2=0.154  c3=0.295  fc=0.249
epoch  2    0.2s  train acc 0.490  test acc 0.481  |  rates c1=0.083  c2=0.233  c3=0.420  fc=0.292
epoch  3    0.2s  train acc 0.556  test acc 0.523  |  rates c1=0.097  c2=0.297  c3=0.414  fc=0.297
epoch  4    0.2s  train acc 0.592  test acc 0.545  |  rates c1=0.113  c2=0.342  c3=0.360  fc=0.296
epoch  5    0.2s  train acc 0.593  test acc 0.561  |  rates c1=0.128  c2=0.366  c3=0.344  fc=0.313
epoch  6    0.2s  train acc 0.639  test acc 0.561  |  rates c1=0.142  c2=0.374  c3=0.361  fc=0.313
epoch  7    0.2s  train acc 0.655  test acc 0.598  |  rates c1=0.158  c2=0.378  c3=0.359  fc=0.300
epoch  8    0.2s  train acc 0.677  test acc 0.576  |  rates c1=0.178  c2=0.377  c3=0.356  fc=0.304
epoch  9    0.2s  train acc 0.680  test acc 0.602  |  rates c1=0.201  c2=0.377  c3=0.358  fc=0.303
epoch 10    0.2s  train acc 0.710  test acc 0.629  |  rates c1=0.225  c2=0.379  c3=0.358  fc=0.306
epoch 11    0.2s  train acc 0.737  test acc 0.625  |  rates c1=0.244  c2=0.381  c3=0.359  fc=0.305
epoch 12    0.2s  train acc 0.740  test acc 0.648  |  rates c1=0.252  c2=0.381  c3=0.359  fc=0.306
epoch 13    0.2s  train acc 0.748  test acc 0.610  |  rates c1=0.257  c2=0.378  c3=0.355  fc=0.308
epoch 14    0.2s  train acc 0.772  test acc 0.625  |  rates c1=0.260  c2=0.379  c3=0.361  fc=0.302
epoch 15    0.2s  train acc 0.772  test acc 0.614  |  rates c1=0.264  c2=0.375  c3=0.352  fc=0.305
epoch 16    0.2s  train acc 0.793  test acc 0.610  |  rates c1=0.266  c2=0.375  c3=0.355  fc=0.310
epoch 17    0.2s  train acc 0.792  test acc 0.652  |  rates c1=0.269  c2=0.375  c3=0.358  fc=0.311
epoch 18    0.2s  train acc 0.812  test acc 0.629  |  rates c1=0.271  c2=0.375  c3=0.356  fc=0.313
epoch 19    0.2s  train acc 0.823  test acc 0.625  |  rates c1=0.273  c2=0.378  c3=0.362  fc=0.309
epoch 20    0.2s  train acc 0.827  test acc 0.648  |  rates c1=0.275  c2=0.375  c3=0.359  fc=0.308
epoch 21    0.2s  train acc 0.836  test acc 0.644  |  rates c1=0.279  c2=0.376  c3=0.359  fc=0.305
epoch 22    0.2s  train acc 0.855  test acc 0.629  |  rates c1=0.287  c2=0.374  c3=0.355  fc=0.311
epoch 23    0.2s  train acc 0.844  test acc 0.633  |  rates c1=0.292  c2=0.374  c3=0.355  fc=0.314
epoch 24    0.2s  train acc 0.862  test acc 0.644  |  rates c1=0.295  c2=0.376  c3=0.361  fc=0.315
epoch 25    0.2s  train acc 0.878  test acc 0.648  |  rates c1=0.297  c2=0.375  c3=0.361  fc=0.308
epoch 26    0.2s  train acc 0.884  test acc 0.633  |  rates c1=0.299  c2=0.379  c3=0.362  fc=0.317
epoch 27    0.2s  train acc 0.896  test acc 0.659  |  rates c1=0.301  c2=0.376  c3=0.354  fc=0.313
epoch 28    0.2s  train acc 0.857  test acc 0.648  |  rates c1=0.302  c2=0.378  c3=0.363  fc=0.319
epoch 29    0.2s  train acc 0.890  test acc 0.644  |  rates c1=0.303  c2=0.379  c3=0.363  fc=0.317
epoch 30    0.3s  train acc 0.912  test acc 0.640  |  rates c1=0.305  c2=0.374  c3=0.355  fc=0.327

per-epoch log -> experiments/rates_binarised_dvsgesture_target0.300_seed0_t8.csv
plot -> experiments/m0_firing_rates_binarised.png

--- final per-layer firing rates (binarised) ---
  c1   30.46% of neurons fire per timestep
  c2   37.40% of neurons fire per timestep
  c3   35.46% of neurons fire per timestep
  fc   32.67% of neurons fire per timestep

final test accuracy: 64.02%
checkpoint -> experiments/rate_sweep_dvsg/t8/dvsg_t8_rate0.30_seed0.pt

This is a measurement, not a target. Do not tune it.
