/home/dhritiaravind/snn_parkour_fpga/train/03_train.py:69: UserWarning: Converting a tensor with requires_grad=True to a scalar may lead to unexpected behavior.
Consider using tensor.detach() first. (Triggered internally at /pytorch/torch/csrc/autograd/generated/python_variable_methods.cpp:836.)
  tot_loss += float(loss) * y.numel()
encoding : binarised   (D0003)
loading dvsgesture (first epoch also builds the frame cache)...
device: cuda   train batches: 8   test batches: 3

rate penalty: target 0.040, lambda 100.0, layers ('c1', 'c2', 'c3')
epoch  1    1.7s  train acc 0.319  test acc 0.451  |  rates c1=0.050  c2=0.062  c3=0.058  fc=0.085
epoch  2    0.2s  train acc 0.551  test acc 0.538  |  rates c1=0.051  c2=0.064  c3=0.073  fc=0.169
epoch  3    0.2s  train acc 0.631  test acc 0.587  |  rates c1=0.052  c2=0.063  c3=0.075  fc=0.205
epoch  4    0.2s  train acc 0.671  test acc 0.655  |  rates c1=0.053  c2=0.057  c3=0.066  fc=0.199
epoch  5    0.2s  train acc 0.713  test acc 0.629  |  rates c1=0.052  c2=0.056  c3=0.064  fc=0.201
epoch  6    0.2s  train acc 0.751  test acc 0.640  |  rates c1=0.051  c2=0.058  c3=0.065  fc=0.210
epoch  7    0.2s  train acc 0.784  test acc 0.663  |  rates c1=0.052  c2=0.059  c3=0.065  fc=0.220
epoch  8    0.2s  train acc 0.829  test acc 0.629  |  rates c1=0.053  c2=0.058  c3=0.064  fc=0.231
epoch  9    0.2s  train acc 0.819  test acc 0.648  |  rates c1=0.052  c2=0.057  c3=0.061  fc=0.220
epoch 10    0.2s  train acc 0.858  test acc 0.674  |  rates c1=0.052  c2=0.057  c3=0.060  fc=0.219
epoch 11    0.2s  train acc 0.893  test acc 0.621  |  rates c1=0.053  c2=0.058  c3=0.061  fc=0.236
epoch 12    0.2s  train acc 0.903  test acc 0.655  |  rates c1=0.052  c2=0.059  c3=0.061  fc=0.241
epoch 13    0.2s  train acc 0.923  test acc 0.652  |  rates c1=0.053  c2=0.058  c3=0.059  fc=0.235
epoch 14    0.2s  train acc 0.959  test acc 0.617  |  rates c1=0.053  c2=0.058  c3=0.059  fc=0.239
epoch 15    0.2s  train acc 0.975  test acc 0.652  |  rates c1=0.054  c2=0.059  c3=0.061  fc=0.250
epoch 16    0.2s  train acc 0.976  test acc 0.633  |  rates c1=0.054  c2=0.058  c3=0.060  fc=0.250
epoch 17    0.2s  train acc 0.964  test acc 0.670  |  rates c1=0.054  c2=0.056  c3=0.057  fc=0.243
epoch 18    0.2s  train acc 0.986  test acc 0.655  |  rates c1=0.053  c2=0.057  c3=0.058  fc=0.250
epoch 19    0.2s  train acc 1.000  test acc 0.648  |  rates c1=0.053  c2=0.057  c3=0.059  fc=0.263
epoch 20    0.2s  train acc 0.998  test acc 0.617  |  rates c1=0.054  c2=0.055  c3=0.057  fc=0.263
epoch 21    0.2s  train acc 0.999  test acc 0.617  |  rates c1=0.054  c2=0.055  c3=0.056  fc=0.262
epoch 22    0.2s  train acc 1.000  test acc 0.629  |  rates c1=0.053  c2=0.055  c3=0.056  fc=0.269
epoch 23    0.2s  train acc 1.000  test acc 0.636  |  rates c1=0.053  c2=0.055  c3=0.055  fc=0.268
epoch 24    0.2s  train acc 1.000  test acc 0.617  |  rates c1=0.053  c2=0.054  c3=0.054  fc=0.270
epoch 25    0.2s  train acc 1.000  test acc 0.598  |  rates c1=0.053  c2=0.054  c3=0.054  fc=0.274
epoch 26    0.2s  train acc 1.000  test acc 0.663  |  rates c1=0.053  c2=0.053  c3=0.053  fc=0.276
epoch 27    0.2s  train acc 1.000  test acc 0.636  |  rates c1=0.053  c2=0.052  c3=0.052  fc=0.273
epoch 28    0.2s  train acc 1.000  test acc 0.629  |  rates c1=0.053  c2=0.052  c3=0.051  fc=0.273
epoch 29    0.2s  train acc 1.000  test acc 0.652  |  rates c1=0.053  c2=0.052  c3=0.051  fc=0.274
epoch 30    0.2s  train acc 1.000  test acc 0.652  |  rates c1=0.053  c2=0.052  c3=0.051  fc=0.279

per-epoch log -> experiments/rates_binarised_dvsgesture_target0.040_seed0_t8.csv
plot -> experiments/m0_firing_rates_binarised.png

--- final per-layer firing rates (binarised) ---
  c1    5.27% of neurons fire per timestep
  c2    5.17% of neurons fire per timestep
  c3    5.11% of neurons fire per timestep
  fc   27.93% of neurons fire per timestep

final test accuracy: 65.15%
checkpoint -> experiments/rate_sweep_dvsg/t8/dvsg_t8_rate0.04_seed0.pt

This is a measurement, not a target. Do not tune it.
