/home/dhritiaravind/snn_parkour_fpga/train/03_train.py:62: UserWarning: Converting a tensor with requires_grad=True to a scalar may lead to unexpected behavior.
Consider using tensor.detach() first. (Triggered internally at /pytorch/torch/csrc/autograd/generated/python_variable_methods.cpp:836.)
  tot_loss += float(loss) * y.numel()
encoding : binarised   (D0003)
loading N-MNIST (first epoch also builds the frame cache)...
device: cuda   train batches: 468   test batches: 79

epoch  1   14.2s  train acc 0.817  test acc 0.927  |  rates c1=0.070  c2=0.099  c3=0.140  fc=0.381
epoch  2   13.9s  train acc 0.941  test acc 0.952  |  rates c1=0.072  c2=0.098  c3=0.137  fc=0.349
epoch  3   11.1s  train acc 0.955  test acc 0.953  |  rates c1=0.074  c2=0.096  c3=0.127  fc=0.328
epoch  4   12.2s  train acc 0.961  test acc 0.960  |  rates c1=0.074  c2=0.093  c3=0.122  fc=0.305
epoch  5   12.9s  train acc 0.967  test acc 0.960  |  rates c1=0.075  c2=0.094  c3=0.130  fc=0.326
epoch  6   12.1s  train acc 0.970  test acc 0.969  |  rates c1=0.076  c2=0.092  c3=0.127  fc=0.319
epoch  7   14.1s  train acc 0.972  test acc 0.966  |  rates c1=0.077  c2=0.088  c3=0.119  fc=0.291
epoch  8   12.6s  train acc 0.974  test acc 0.972  |  rates c1=0.076  c2=0.090  c3=0.116  fc=0.276
epoch  9   13.5s  train acc 0.977  test acc 0.971  |  rates c1=0.075  c2=0.088  c3=0.115  fc=0.288
epoch 10   13.0s  train acc 0.978  test acc 0.968  |  rates c1=0.077  c2=0.089  c3=0.115  fc=0.268

per-epoch log -> experiments/m0_firing_rates_binarised.csv
plot -> experiments/m0_firing_rates_binarised.png

--- final per-layer firing rates (binarised) ---
  c1    7.66% of neurons fire per timestep
  c2    8.92% of neurons fire per timestep
  c3   11.49% of neurons fire per timestep
  fc   26.75% of neurons fire per timestep

final test accuracy: 96.81%
checkpoint -> experiments/beta_sweep/beta0.5_seed0.pt

This is a measurement, not a target. Do not tune it.
