/home/dhritiaravind/snn_parkour_fpga/train/03_train.py:62: UserWarning: Converting a tensor with requires_grad=True to a scalar may lead to unexpected behavior.
Consider using tensor.detach() first. (Triggered internally at /pytorch/torch/csrc/autograd/generated/python_variable_methods.cpp:836.)
  tot_loss += float(loss) * y.numel()
encoding : binarised   (D0003)
loading N-MNIST (first epoch also builds the frame cache)...
device: cuda   train batches: 468   test batches: 79

epoch  1   14.3s  train acc 0.873  test acc 0.941  |  rates c1=0.064  c2=0.095  c3=0.123  fc=0.319
epoch  2   13.3s  train acc 0.953  test acc 0.960  |  rates c1=0.066  c2=0.091  c3=0.114  fc=0.297
epoch  3   12.9s  train acc 0.965  test acc 0.963  |  rates c1=0.067  c2=0.090  c3=0.112  fc=0.294
epoch  4   13.7s  train acc 0.970  test acc 0.963  |  rates c1=0.068  c2=0.085  c3=0.106  fc=0.282
epoch  5   13.5s  train acc 0.975  test acc 0.970  |  rates c1=0.070  c2=0.085  c3=0.108  fc=0.304
epoch  6   12.6s  train acc 0.977  test acc 0.969  |  rates c1=0.067  c2=0.083  c3=0.105  fc=0.294
epoch  7   14.5s  train acc 0.979  test acc 0.970  |  rates c1=0.068  c2=0.086  c3=0.109  fc=0.296
epoch  8   12.5s  train acc 0.982  test acc 0.967  |  rates c1=0.070  c2=0.084  c3=0.107  fc=0.292
epoch  9   12.7s  train acc 0.985  test acc 0.971  |  rates c1=0.070  c2=0.084  c3=0.107  fc=0.300
epoch 10   11.0s  train acc 0.985  test acc 0.969  |  rates c1=0.069  c2=0.081  c3=0.103  fc=0.262

per-epoch log -> experiments/m0_firing_rates_binarised.csv
plot -> experiments/m0_firing_rates_binarised.png

--- final per-layer firing rates (binarised) ---
  c1    6.94% of neurons fire per timestep
  c2    8.07% of neurons fire per timestep
  c3   10.30% of neurons fire per timestep
  fc   26.16% of neurons fire per timestep

final test accuracy: 96.85%
checkpoint -> experiments/beta_sweep/beta0.96875_seed0.pt

This is a measurement, not a target. Do not tune it.
