golden model over 10000 test samples (integer datapath, float readout)
    500/10000  acc so far 98.40%
   1000/10000  acc so far 98.60%
   1500/10000  acc so far 98.73%
   2000/10000  acc so far 99.05%
   2500/10000  acc so far 99.12%
   3000/10000  acc so far 99.10%
   3500/10000  acc so far 99.09%
   4000/10000  acc so far 98.97%
   4500/10000  acc so far 98.91%
   5000/10000  acc so far 98.88%
   5500/10000  acc so far 98.49%
   6000/10000  acc so far 98.38%
   6500/10000  acc so far 98.17%
   7000/10000  acc so far 98.26%
   7500/10000  acc so far 98.19%
   8000/10000  acc so far 98.24%
   8500/10000  acc so far 98.20%
   9000/10000  acc so far 98.21%
   9500/10000  acc so far 98.03%
  10000/10000  acc so far 98.08%

float model   : 98.00%
golden integer: 98.08%
drop          : -0.08 pp   (M1 gate: ~1 pp)

membrane ranges over the run (hardware budget: int16, +-32767):
  c1  V in [  -1053,    561]  -> 12 bits  fits int16  (  3 % of int16)
  c2  V in [  -1723,    925]  -> 12 bits  fits int16  (  5 % of int16)
  c3  V in [  -5733,   3252]  -> 14 bits  fits int16  ( 17 % of int16)
  fc  V in [  -3613,   1389]  -> 13 bits  fits int16  ( 11 % of int16)
  membrane headroom: worst layer c3 uses 17 % of int16 -> 83 % headroom

trace samples (C0039, seed 20260820): idx [318, 349, 810, 963, 966, 1136, 2616, 3322, 3787, 3887, 6934, 7059, 7184, 8016, 8833, 8944] labels [0, 0, 0, 0, 0, 1, 2, 3, 3, 3, 6, 7, 7, 7, 8, 8]

traces for 16 samples -> ../../../tmp/tr_nt_16_0.npz  (4.2 MB)

PASS: golden model holds accuracy and fits the membrane budget.
