golden model over 10000 test samples (integer datapath, float readout)
    500/10000  acc so far 97.40%
   1000/10000  acc so far 97.80%
   1500/10000  acc so far 98.13%
   2000/10000  acc so far 98.60%
   2500/10000  acc so far 98.60%
   3000/10000  acc so far 98.67%
   3500/10000  acc so far 98.57%
   4000/10000  acc so far 98.50%
   4500/10000  acc so far 98.36%
   5000/10000  acc so far 98.40%
   5500/10000  acc so far 97.93%
   6000/10000  acc so far 97.75%
   6500/10000  acc so far 97.74%
   7000/10000  acc so far 97.86%
   7500/10000  acc so far 97.84%
   8000/10000  acc so far 97.89%
   8500/10000  acc so far 97.80%
   9000/10000  acc so far 97.80%
   9500/10000  acc so far 97.52%
  10000/10000  acc so far 97.51%

float model   : 97.51%
golden integer: 97.51%
drop          : 0.00 pp   (M1 gate: ~1 pp)

membrane ranges over the run (hardware budget: int16, +-32767):
  c1  V in [   -964,    693]  -> 11 bits  fits int16  (  3 % of int16)
  c2  V in [  -1585,   1013]  -> 12 bits  fits int16  (  5 % of int16)
  c3  V in [  -4415,   2465]  -> 14 bits  fits int16  ( 13 % of int16)
  fc  V in [  -3776,   1429]  -> 13 bits  fits int16  ( 12 % of int16)
  membrane headroom: worst layer c3 uses 13 % of int16 -> 87 % headroom

trace samples (C0039, seed 20260820): idx [318, 349, 810, 963, 966, 1136, 2616, 3322, 3787, 3887, 6934, 7059, 7184, 8016, 8833, 8944] labels [0, 0, 0, 0, 0, 1, 2, 3, 3, 3, 6, 7, 7, 7, 8, 8]

traces for 16 samples -> ../../../tmp/tr_nt_8_0.npz  (2.3 MB)

PASS: golden model holds accuracy and fits the membrane budget.
