golden model over 10000 test samples (integer datapath, float readout)
    500/10000  acc so far 98.00%
   1000/10000  acc so far 98.60%
   1500/10000  acc so far 98.73%
   2000/10000  acc so far 98.90%
   2500/10000  acc so far 98.56%
   3000/10000  acc so far 98.37%
   3500/10000  acc so far 98.20%
   4000/10000  acc so far 98.12%
   4500/10000  acc so far 98.16%
   5000/10000  acc so far 98.18%
   5500/10000  acc so far 98.16%
   6000/10000  acc so far 98.25%
   6500/10000  acc so far 98.06%
   7000/10000  acc so far 98.07%
   7500/10000  acc so far 98.04%
   8000/10000  acc so far 98.11%
   8500/10000  acc so far 97.98%
   9000/10000  acc so far 97.93%
   9500/10000  acc so far 97.81%
  10000/10000  acc so far 97.83%

float model   : 97.69%
golden integer: 97.83%
drop          : -0.14 pp   (M1 gate: ~1 pp)

membrane ranges over the run (hardware budget: int16, +-32767):
  c1  V in [  -1055,    964]  -> 12 bits  fits int16  (  3 % of int16)
  c2  V in [  -3805,   2053]  -> 13 bits  fits int16  ( 12 % of int16)
  c3  V in [  -4650,   3561]  -> 14 bits  fits int16  ( 14 % of int16)
  fc  V in [  -3507,   2194]  -> 13 bits  fits int16  ( 11 % of int16)
  membrane headroom: worst layer c3 uses 14 % of int16 -> 86 % headroom

trace samples (C0039, seed 20260820): idx [318, 349, 810, 963, 966, 1136, 2616, 3322, 3787, 3887, 6934, 7059, 7184, 8016, 8833, 8944] labels [0, 0, 0, 0, 0, 1, 2, 3, 3, 3, 6, 7, 7, 7, 8, 8]

traces for 16 samples -> ../../../tmp/tr_nt_8_1.npz  (2.4 MB)

PASS: golden model holds accuracy and fits the membrane budget.
