PACK N-MNIST T=8 exit 0 00:04
TRAIN T=8 s0 exit 0
GOLDEN T=8 s0 exit 0
TRAIN T=8 s1 exit 0
GOLDEN T=8 s1 exit 0
TRAIN T=8 s2 exit 0
GOLDEN T=8 s2 exit 0
PACK N-MNIST T=16 exit 0 00:24
TRAIN T=16 s0 exit 0
GOLDEN T=16 s0 exit 0
TRAIN T=16 s1 exit 0
GOLDEN T=16 s1 exit 0
TRAIN T=16 s2 exit 0
GOLDEN T=16 s2 exit 0
DVSG T=8 TRAIN 0.02 exit 0
DVSG T=8 GOLDEN 0.02 exit 0
DVSG T=8 TRAIN 0.04 exit 0
DVSG T=8 GOLDEN 0.04 exit 0
DVSG T=8 TRAIN 0.08 exit 0
DVSG T=8 GOLDEN 0.08 exit 0
DVSG T=8 TRAIN 0.16 exit 0
DVSG T=8 GOLDEN 0.16 exit 1
DVSG T=8 TRAIN 0.30 exit 0
DVSG T=8 GOLDEN 0.30 exit 1
DVSG T=16 TRAIN s1 exit 0
DVSG T=16 GOLDEN s1 exit 0
DVSG T=16 TRAIN s2 exit 0
DVSG T=16 GOLDEN s2 exit 1
OVERNIGHT-DONE Sun Sep 20 00:43:59 EDT 2026
