/home/dhritiaravind/snn_parkour_fpga/train/03_train.py:69: UserWarning: Converting a tensor with requires_grad=True to a scalar may lead to unexpected behavior.
Consider using tensor.detach() first. (Triggered internally at /pytorch/torch/csrc/autograd/generated/python_variable_methods.cpp:836.)
  tot_loss += float(loss) * y.numel()
encoding : binarised   (D0003)
loading nmnist (first epoch also builds the frame cache)...
device: cuda   train batches: 468   test batches: 79

epoch  1   11.2s  train acc 0.872  test acc 0.953  |  rates c1=0.053  c2=0.080  c3=0.098  fc=0.231
epoch  2    9.9s  train acc 0.959  test acc 0.970  |  rates c1=0.056  c2=0.078  c3=0.094  fc=0.216
epoch  3    9.9s  train acc 0.970  test acc 0.967  |  rates c1=0.057  c2=0.078  c3=0.096  fc=0.215
epoch  4   10.6s  train acc 0.975  test acc 0.969  |  rates c1=0.057  c2=0.074  c3=0.091  fc=0.206
epoch  5   11.1s  train acc 0.980  test acc 0.974  |  rates c1=0.058  c2=0.071  c3=0.088  fc=0.205
epoch  6   11.1s  train acc 0.981  test acc 0.969  |  rates c1=0.059  c2=0.074  c3=0.089  fc=0.207
epoch  7   10.8s  train acc 0.984  test acc 0.975  |  rates c1=0.058  c2=0.069  c3=0.086  fc=0.183
epoch  8   10.0s  train acc 0.985  test acc 0.974  |  rates c1=0.058  c2=0.070  c3=0.086  fc=0.184
epoch  9    9.9s  train acc 0.988  test acc 0.976  |  rates c1=0.059  c2=0.071  c3=0.086  fc=0.192
epoch 10   10.0s  train acc 0.989  test acc 0.975  |  rates c1=0.058  c2=0.066  c3=0.085  fc=0.178

per-epoch log -> experiments/m0_firing_rates_binarised_nmnist_seed0_t8.csv
plot -> experiments/m0_firing_rates_binarised.png

--- final per-layer firing rates (binarised) ---
  c1    5.82% of neurons fire per timestep
  c2    6.64% of neurons fire per timestep
  c3    8.51% of neurons fire per timestep
  fc   17.82% of neurons fire per timestep

final test accuracy: 97.51%
checkpoint -> experiments/tsweep_nmnist/nmnist_t8_seed0.pt

This is a measurement, not a target. Do not tune it.
