/home/dhritiaravind/snn_parkour_fpga/train/03_train.py:69: UserWarning: Converting a tensor with requires_grad=True to a scalar may lead to unexpected behavior.
Consider using tensor.detach() first. (Triggered internally at /pytorch/torch/csrc/autograd/generated/python_variable_methods.cpp:836.)
  tot_loss += float(loss) * y.numel()
encoding : binarised   (D0003)
loading nmnist (first epoch also builds the frame cache)...
device: cuda   train batches: 468   test batches: 79

epoch  1   11.7s  train acc 0.877  test acc 0.948  |  rates c1=0.087  c2=0.076  c3=0.101  fc=0.239
epoch  2   11.2s  train acc 0.959  test acc 0.963  |  rates c1=0.090  c2=0.074  c3=0.102  fc=0.226
epoch  3   11.1s  train acc 0.970  test acc 0.969  |  rates c1=0.090  c2=0.074  c3=0.099  fc=0.219
epoch  4   11.2s  train acc 0.976  test acc 0.973  |  rates c1=0.090  c2=0.076  c3=0.100  fc=0.217
epoch  5   11.5s  train acc 0.979  test acc 0.966  |  rates c1=0.089  c2=0.074  c3=0.095  fc=0.208
epoch  6   11.5s  train acc 0.981  test acc 0.974  |  rates c1=0.089  c2=0.077  c3=0.094  fc=0.193
epoch  7   11.4s  train acc 0.984  test acc 0.977  |  rates c1=0.090  c2=0.076  c3=0.096  fc=0.192
epoch  8   11.4s  train acc 0.986  test acc 0.974  |  rates c1=0.088  c2=0.073  c3=0.094  fc=0.187
epoch  9   10.5s  train acc 0.987  test acc 0.973  |  rates c1=0.090  c2=0.073  c3=0.094  fc=0.187
epoch 10   10.4s  train acc 0.988  test acc 0.977  |  rates c1=0.089  c2=0.074  c3=0.091  fc=0.180

per-epoch log -> experiments/m0_firing_rates_binarised_nmnist_seed1_t8.csv
plot -> experiments/m0_firing_rates_binarised.png

--- final per-layer firing rates (binarised) ---
  c1    8.88% of neurons fire per timestep
  c2    7.40% of neurons fire per timestep
  c3    9.13% of neurons fire per timestep
  fc   18.03% of neurons fire per timestep

final test accuracy: 97.69%
checkpoint -> experiments/tsweep_nmnist/nmnist_t8_seed1.pt

This is a measurement, not a target. Do not tune it.
