/home/dhritiaravind/snn_parkour_fpga/train/03_train.py:69: UserWarning: Converting a tensor with requires_grad=True to a scalar may lead to unexpected behavior.
Consider using tensor.detach() first. (Triggered internally at /pytorch/torch/csrc/autograd/generated/python_variable_methods.cpp:836.)
  tot_loss += float(loss) * y.numel()
encoding : binarised   (D0003)
loading nmnist (first epoch also builds the frame cache)...
device: cuda   train batches: 468   test batches: 79

epoch  1   22.2s  train acc 0.865  test acc 0.956  |  rates c1=0.039  c2=0.061  c3=0.077  fc=0.155
epoch  2   21.4s  train acc 0.962  test acc 0.969  |  rates c1=0.041  c2=0.061  c3=0.073  fc=0.136
epoch  3   20.9s  train acc 0.973  test acc 0.975  |  rates c1=0.041  c2=0.058  c3=0.068  fc=0.119
epoch  4   20.8s  train acc 0.978  test acc 0.977  |  rates c1=0.042  c2=0.059  c3=0.071  fc=0.117
epoch  5   20.9s  train acc 0.981  test acc 0.980  |  rates c1=0.043  c2=0.059  c3=0.068  fc=0.115
epoch  6   21.1s  train acc 0.984  test acc 0.979  |  rates c1=0.044  c2=0.058  c3=0.068  fc=0.110
epoch  7   21.0s  train acc 0.985  test acc 0.978  |  rates c1=0.044  c2=0.058  c3=0.066  fc=0.111
epoch  8   20.8s  train acc 0.988  test acc 0.977  |  rates c1=0.044  c2=0.057  c3=0.067  fc=0.106
epoch  9   19.1s  train acc 0.989  test acc 0.980  |  rates c1=0.043  c2=0.058  c3=0.064  fc=0.106
epoch 10   19.9s  train acc 0.990  test acc 0.982  |  rates c1=0.042  c2=0.055  c3=0.062  fc=0.101

per-epoch log -> experiments/m0_firing_rates_binarised_nmnist_seed2_t16.csv
plot -> experiments/m0_firing_rates_binarised.png

--- final per-layer firing rates (binarised) ---
  c1    4.22% of neurons fire per timestep
  c2    5.49% of neurons fire per timestep
  c3    6.16% of neurons fire per timestep
  fc   10.10% of neurons fire per timestep

final test accuracy: 98.19%
checkpoint -> experiments/tsweep_nmnist/nmnist_t16_seed2.pt

This is a measurement, not a target. Do not tune it.
