# seed dataset config result   (started Sat Sep 19 23:56:02 EDT 2026)
1 c1 "ENGINE=1 K=4" PASS
1 c1 "DP=4" PASS
1 g1 "ENGINE=1 K=4" PASS
1 g1 "DP=4" PASS
2 c1 "ENGINE=1 K=4" PASS
2 c1 "DP=4" PASS
2 g1 "ENGINE=1 K=4" PASS
2 g1 "DP=4" PASS
3 c1 "ENGINE=1 K=4" PASS
3 c1 "DP=4" PASS
3 g1 "ENGINE=1 K=4" PASS
3 g1 "DP=4" PASS
4 c1 "ENGINE=1 K=4" PASS
4 c1 "DP=4" PASS
4 g1 "ENGINE=1 K=4" PASS
4 g1 "DP=4" PASS
5 c1 "ENGINE=1 K=4" PASS
5 c1 "DP=4" PASS
5 g1 "ENGINE=1 K=4" PASS
5 g1 "DP=4" PASS
6 c1 "ENGINE=1 K=4" PASS
6 c1 "DP=4" PASS
6 g1 "ENGINE=1 K=4" PASS
6 g1 "DP=4" PASS
7 c1 "ENGINE=1 K=4" PASS
7 c1 "DP=4" PASS
7 g1 "ENGINE=1 K=4" PASS
7 g1 "DP=4" PASS
8 c1 "ENGINE=1 K=4" PASS
8 c1 "DP=4" PASS
8 g1 "ENGINE=1 K=4" PASS
8 g1 "DP=4" PASS
9 c1 "ENGINE=1 K=4" PASS
9 c1 "DP=4" PASS
9 g1 "ENGINE=1 K=4" PASS
9 g1 "DP=4" PASS
10 c1 "ENGINE=1 K=4" PASS
10 c1 "DP=4" PASS
10 g1 "ENGINE=1 K=4" PASS
10 g1 "DP=4" PASS
11 c1 "ENGINE=1 K=4" PASS
11 c1 "DP=4" PASS
11 g1 "ENGINE=1 K=4" PASS
11 g1 "DP=4" PASS
12 c1 "ENGINE=1 K=4" PASS
12 c1 "DP=4" PASS
12 g1 "ENGINE=1 K=4" PASS
12 g1 "DP=4" PASS
13 c1 "ENGINE=1 K=4" PASS
13 c1 "DP=4" PASS
13 g1 "ENGINE=1 K=4" PASS
13 g1 "DP=4" PASS
14 c1 "ENGINE=1 K=4" PASS
14 c1 "DP=4" PASS
14 g1 "ENGINE=1 K=4" PASS
14 g1 "DP=4" PASS
15 c1 "ENGINE=1 K=4" PASS
15 c1 "DP=4" PASS
15 g1 "ENGINE=1 K=4" PASS
15 g1 "DP=4" PASS
16 c1 "ENGINE=1 K=4" PASS
16 c1 "DP=4" PASS
16 g1 "ENGINE=1 K=4" PASS
16 g1 "DP=4" PASS
17 c1 "ENGINE=1 K=4" PASS
17 c1 "DP=4" PASS
17 g1 "ENGINE=1 K=4" PASS
17 g1 "DP=4" PASS
18 c1 "ENGINE=1 K=4" PASS
18 c1 "DP=4" PASS
18 g1 "ENGINE=1 K=4" PASS
18 g1 "DP=4" PASS
19 c1 "ENGINE=1 K=4" PASS
19 c1 "DP=4" PASS
19 g1 "ENGINE=1 K=4" PASS
19 g1 "DP=4" PASS
20 c1 "ENGINE=1 K=4" PASS
20 c1 "DP=4" PASS
20 g1 "ENGINE=1 K=4" PASS
20 g1 "DP=4" PASS
21 c1 "ENGINE=1 K=4" PASS
21 c1 "DP=4" PASS
21 g1 "ENGINE=1 K=4" PASS
21 g1 "DP=4" PASS
22 c1 "ENGINE=1 K=4" PASS
22 c1 "DP=4" PASS
22 g1 "ENGINE=1 K=4" PASS
22 g1 "DP=4" PASS
23 c1 "ENGINE=1 K=4" PASS
23 c1 "DP=4" PASS
23 g1 "ENGINE=1 K=4" PASS
23 g1 "DP=4" PASS
24 c1 "ENGINE=1 K=4" PASS
24 c1 "DP=4" PASS
24 g1 "ENGINE=1 K=4" PASS
24 g1 "DP=4" PASS
25 c1 "ENGINE=1 K=4" PASS
25 c1 "DP=4" PASS
25 g1 "ENGINE=1 K=4" PASS
25 g1 "DP=4" PASS
26 c1 "ENGINE=1 K=4" PASS
26 c1 "DP=4" PASS
26 g1 "ENGINE=1 K=4" PASS
26 g1 "DP=4" PASS
27 c1 "ENGINE=1 K=4" PASS
27 c1 "DP=4" PASS
27 g1 "ENGINE=1 K=4" PASS
27 g1 "DP=4" PASS
28 c1 "ENGINE=1 K=4" PASS
28 c1 "DP=4" PASS
28 g1 "ENGINE=1 K=4" PASS
28 g1 "DP=4" PASS
29 c1 "ENGINE=1 K=4" PASS
29 c1 "DP=4" PASS
29 g1 "ENGINE=1 K=4" PASS
29 g1 "DP=4" PASS
30 c1 "ENGINE=1 K=4" PASS
30 c1 "DP=4" PASS
30 g1 "ENGINE=1 K=4" PASS
30 g1 "DP=4" PASS
31 c1 "ENGINE=1 K=4" PASS
31 c1 "DP=4" PASS
31 g1 "ENGINE=1 K=4" PASS
31 g1 "DP=4" PASS
32 c1 "ENGINE=1 K=4" PASS
32 c1 "DP=4" PASS
32 g1 "ENGINE=1 K=4" PASS
32 g1 "DP=4" PASS
33 c1 "ENGINE=1 K=4" PASS
33 c1 "DP=4" PASS
33 g1 "ENGINE=1 K=4" PASS
33 g1 "DP=4" PASS
34 c1 "ENGINE=1 K=4" PASS
34 c1 "DP=4" PASS
34 g1 "ENGINE=1 K=4" PASS
34 g1 "DP=4" PASS
35 c1 "ENGINE=1 K=4" PASS
35 c1 "DP=4" PASS
35 g1 "ENGINE=1 K=4" PASS
35 g1 "DP=4" PASS
36 c1 "ENGINE=1 K=4" PASS
36 c1 "DP=4" PASS
36 g1 "ENGINE=1 K=4" PASS
36 g1 "DP=4" PASS
37 c1 "ENGINE=1 K=4" PASS
37 c1 "DP=4" PASS
37 g1 "ENGINE=1 K=4" PASS
37 g1 "DP=4" PASS
38 c1 "ENGINE=1 K=4" PASS
38 c1 "DP=4" PASS
38 g1 "ENGINE=1 K=4" PASS
38 g1 "DP=4" PASS
39 c1 "ENGINE=1 K=4" PASS
39 c1 "DP=4" PASS
39 g1 "ENGINE=1 K=4" PASS
39 g1 "DP=4" PASS
40 c1 "ENGINE=1 K=4" PASS
40 c1 "DP=4" PASS
40 g1 "ENGINE=1 K=4" PASS
40 g1 "DP=4" PASS
41 c1 "ENGINE=1 K=4" PASS
41 c1 "DP=4" PASS
41 g1 "ENGINE=1 K=4" PASS
41 g1 "DP=4" PASS
42 c1 "ENGINE=1 K=4" PASS
42 c1 "DP=4" PASS
42 g1 "ENGINE=1 K=4" PASS
42 g1 "DP=4" PASS
43 c1 "ENGINE=1 K=4" PASS
43 c1 "DP=4" PASS
43 g1 "ENGINE=1 K=4" PASS
43 g1 "DP=4" PASS
44 c1 "ENGINE=1 K=4" PASS
44 c1 "DP=4" PASS
44 g1 "ENGINE=1 K=4" PASS
44 g1 "DP=4" PASS
45 c1 "ENGINE=1 K=4" PASS
45 c1 "DP=4" PASS
45 g1 "ENGINE=1 K=4" PASS
45 g1 "DP=4" PASS
46 c1 "ENGINE=1 K=4" PASS
46 c1 "DP=4" PASS
46 g1 "ENGINE=1 K=4" PASS
46 g1 "DP=4" PASS
47 c1 "ENGINE=1 K=4" PASS
47 c1 "DP=4" PASS
47 g1 "ENGINE=1 K=4" PASS
47 g1 "DP=4" PASS
48 c1 "ENGINE=1 K=4" PASS
48 c1 "DP=4" PASS
48 g1 "ENGINE=1 K=4" PASS
48 g1 "DP=4" PASS
49 c1 "ENGINE=1 K=4" PASS
49 c1 "DP=4" PASS
49 g1 "ENGINE=1 K=4" PASS
49 g1 "DP=4" PASS
50 c1 "ENGINE=1 K=4" PASS
50 c1 "DP=4" PASS
50 g1 "ENGINE=1 K=4" PASS
50 g1 "DP=4" PASS
51 c1 "ENGINE=1 K=4" PASS
51 c1 "DP=4" PASS
51 g1 "ENGINE=1 K=4" PASS
51 g1 "DP=4" PASS
52 c1 "ENGINE=1 K=4" PASS
52 c1 "DP=4" PASS
52 g1 "ENGINE=1 K=4" PASS
52 g1 "DP=4" PASS
53 c1 "ENGINE=1 K=4" PASS
53 c1 "DP=4" PASS
53 g1 "ENGINE=1 K=4" PASS
53 g1 "DP=4" PASS
54 c1 "ENGINE=1 K=4" PASS
54 c1 "DP=4" PASS
54 g1 "ENGINE=1 K=4" PASS
54 g1 "DP=4" PASS
55 c1 "ENGINE=1 K=4" PASS
55 c1 "DP=4" PASS
55 g1 "ENGINE=1 K=4" PASS
55 g1 "DP=4" PASS
56 c1 "ENGINE=1 K=4" PASS
56 c1 "DP=4" PASS
56 g1 "ENGINE=1 K=4" PASS
56 g1 "DP=4" PASS
57 c1 "ENGINE=1 K=4" PASS
57 c1 "DP=4" PASS
57 g1 "ENGINE=1 K=4" PASS
57 g1 "DP=4" PASS
58 c1 "ENGINE=1 K=4" PASS
58 c1 "DP=4" PASS
58 g1 "ENGINE=1 K=4" PASS
58 g1 "DP=4" PASS
59 c1 "ENGINE=1 K=4" PASS
59 c1 "DP=4" PASS
59 g1 "ENGINE=1 K=4" PASS
59 g1 "DP=4" PASS
60 c1 "ENGINE=1 K=4" PASS
60 c1 "DP=4" PASS
60 g1 "ENGINE=1 K=4" PASS
60 g1 "DP=4" PASS
# finished Sun Sep 20 03:12:56 EDT 2026: 240 pass, 0 fail
