/home/dhritiaravind/snn_parkour_fpga/train/03_train.py:69: UserWarning: Converting a tensor with requires_grad=True to a scalar may lead to unexpected behavior.
Consider using tensor.detach() first. (Triggered internally at /pytorch/torch/csrc/autograd/generated/python_variable_methods.cpp:836.)
  tot_loss += float(loss) * y.numel()
encoding : binarised   (D0003)
loading dvsgesture (first epoch also builds the frame cache)...
device: cuda   train batches: 8   test batches: 3

epoch  1    9.5s  train acc 0.294  test acc 0.462  |  rates c1=0.072  c2=0.072  c3=0.095  fc=0.163
epoch  2    8.0s  train acc 0.518  test acc 0.549  |  rates c1=0.072  c2=0.070  c3=0.109  fc=0.205
epoch  3    8.1s  train acc 0.601  test acc 0.580  |  rates c1=0.071  c2=0.070  c3=0.113  fc=0.223
epoch  4    6.7s  train acc 0.664  test acc 0.595  |  rates c1=0.070  c2=0.071  c3=0.115  fc=0.222
epoch  5   12.7s  train acc 0.702  test acc 0.606  |  rates c1=0.069  c2=0.073  c3=0.117  fc=0.225
epoch  6   15.8s  train acc 0.735  test acc 0.617  |  rates c1=0.069  c2=0.076  c3=0.121  fc=0.231
epoch  7   15.4s  train acc 0.748  test acc 0.625  |  rates c1=0.069  c2=0.076  c3=0.122  fc=0.233
epoch  8   14.6s  train acc 0.768  test acc 0.629  |  rates c1=0.069  c2=0.079  c3=0.123  fc=0.234
epoch  9   15.5s  train acc 0.812  test acc 0.640  |  rates c1=0.070  c2=0.080  c3=0.126  fc=0.240
epoch 10   14.6s  train acc 0.847  test acc 0.617  |  rates c1=0.070  c2=0.084  c3=0.131  fc=0.250
epoch 11   16.5s  train acc 0.860  test acc 0.663  |  rates c1=0.071  c2=0.084  c3=0.131  fc=0.250
epoch 12   15.4s  train acc 0.861  test acc 0.640  |  rates c1=0.071  c2=0.085  c3=0.131  fc=0.250
epoch 13   15.9s  train acc 0.904  test acc 0.636  |  rates c1=0.072  c2=0.085  c3=0.130  fc=0.247
epoch 14   10.6s  train acc 0.918  test acc 0.648  |  rates c1=0.073  c2=0.086  c3=0.134  fc=0.254
epoch 15    8.7s  train acc 0.937  test acc 0.644  |  rates c1=0.073  c2=0.088  c3=0.138  fc=0.264
epoch 16    8.4s  train acc 0.939  test acc 0.648  |  rates c1=0.073  c2=0.090  c3=0.140  fc=0.270
epoch 17    8.7s  train acc 0.943  test acc 0.659  |  rates c1=0.073  c2=0.090  c3=0.139  fc=0.267
epoch 18    8.7s  train acc 0.958  test acc 0.663  |  rates c1=0.074  c2=0.089  c3=0.138  fc=0.261
epoch 19   16.1s  train acc 0.964  test acc 0.636  |  rates c1=0.075  c2=0.092  c3=0.142  fc=0.269
epoch 20   17.5s  train acc 0.982  test acc 0.659  |  rates c1=0.075  c2=0.093  c3=0.142  fc=0.275
epoch 21   15.4s  train acc 0.992  test acc 0.667  |  rates c1=0.075  c2=0.096  c3=0.147  fc=0.283
epoch 22   15.6s  train acc 0.990  test acc 0.636  |  rates c1=0.076  c2=0.095  c3=0.146  fc=0.277
epoch 23   15.2s  train acc 0.999  test acc 0.644  |  rates c1=0.076  c2=0.095  c3=0.147  fc=0.276
epoch 24   14.3s  train acc 0.998  test acc 0.652  |  rates c1=0.076  c2=0.098  c3=0.152  fc=0.287
epoch 25   16.0s  train acc 0.998  test acc 0.674  |  rates c1=0.076  c2=0.099  c3=0.153  fc=0.290
epoch 26   15.6s  train acc 0.999  test acc 0.667  |  rates c1=0.076  c2=0.099  c3=0.153  fc=0.289
epoch 27   13.3s  train acc 1.000  test acc 0.670  |  rates c1=0.077  c2=0.100  c3=0.155  fc=0.286
epoch 28    9.8s  train acc 0.999  test acc 0.674  |  rates c1=0.077  c2=0.100  c3=0.155  fc=0.288
epoch 29    8.6s  train acc 1.000  test acc 0.655  |  rates c1=0.077  c2=0.100  c3=0.155  fc=0.290
epoch 30    8.7s  train acc 1.000  test acc 0.652  |  rates c1=0.077  c2=0.101  c3=0.156  fc=0.292

per-epoch log -> experiments/m0_firing_rates_binarised_dvsgesture_seed2_t8.csv
plot -> experiments/m0_firing_rates_binarised.png

--- final per-layer firing rates (binarised) ---
  c1    7.68% of neurons fire per timestep
  c2   10.06% of neurons fire per timestep
  c3   15.60% of neurons fire per timestep
  fc   29.19% of neurons fire per timestep

final test accuracy: 65.15%
checkpoint -> experiments/dvsgesture/t8/dvsgesture_beta0875_seed2_t8.pt

This is a measurement, not a target. Do not tune it.
