golden model over 10000 test samples (integer datapath, float readout)
    500/10000  acc so far 98.20%
   1000/10000  acc so far 98.50%
   1500/10000  acc so far 98.40%
   2000/10000  acc so far 98.70%
   2500/10000  acc so far 98.36%
   3000/10000  acc so far 98.23%
   3500/10000  acc so far 97.66%
   4000/10000  acc so far 97.38%
   4500/10000  acc so far 97.40%
   5000/10000  acc so far 97.54%
   5500/10000  acc so far 97.31%
   6000/10000  acc so far 97.37%
   6500/10000  acc so far 97.20%
   7000/10000  acc so far 97.23%
   7500/10000  acc so far 97.21%
   8000/10000  acc so far 97.33%
   8500/10000  acc so far 97.09%
   9000/10000  acc so far 97.11%
   9500/10000  acc so far 96.86%
  10000/10000  acc so far 96.81%

float model   : 96.82%
golden integer: 96.81%
drop          : 0.01 pp   (M1 gate: ~1 pp)

membrane ranges over the run (hardware budget: int16, +-32767):
  c1  V in [   -581,    690]  -> 11 bits  fits int16
  c2  V in [  -2618,   3380]  -> 13 bits  fits int16
  c3  V in [  -2540,   2113]  -> 13 bits  fits int16
  fc  V in [  -3266,   1939]  -> 13 bits  fits int16

trace samples (C0039, seed 20260820): idx [318, 349, 810, 963, 966, 1136, 2616, 3322, 3787, 3887, 6934, 7059, 7184, 8016, 8833, 8944] labels [0, 0, 0, 0, 0, 1, 2, 3, 3, 3, 6, 7, 7, 7, 8, 8]

traces for 16 samples -> experiments/rate_sweep/traces_rate0.16.npz  (1.2 MB)

PASS: golden model holds accuracy and fits the membrane budget.
