golden model over 10000 test samples (integer datapath, float readout)
    500/10000  acc so far 98.20%
   1000/10000  acc so far 98.10%
   1500/10000  acc so far 97.93%
   2000/10000  acc so far 98.25%
   2500/10000  acc so far 97.72%
   3000/10000  acc so far 97.43%
   3500/10000  acc so far 96.89%
   4000/10000  acc so far 96.40%
   4500/10000  acc so far 95.82%
   5000/10000  acc so far 95.84%
   5500/10000  acc so far 95.69%
   6000/10000  acc so far 95.90%
   6500/10000  acc so far 95.75%
   7000/10000  acc so far 96.01%
   7500/10000  acc so far 96.01%
   8000/10000  acc so far 96.17%
   8500/10000  acc so far 95.94%
   9000/10000  acc so far 96.06%
   9500/10000  acc so far 95.60%
  10000/10000  acc so far 95.49%

float model   : 95.62%
golden integer: 95.49%
drop          : 0.13 pp   (M1 gate: ~1 pp)

membrane ranges over the run (hardware budget: int16, +-32767):
  c1  V in [   -298,   2503]  -> 13 bits  fits int16
  c2  V in [  -1565,   2862]  -> 13 bits  fits int16
  c3  V in [  -2843,   2564]  -> 13 bits  fits int16
  fc  V in [  -6843,   3047]  -> 14 bits  fits int16

trace samples (C0039, seed 20260820): idx [318, 349, 810, 963, 966, 1136, 2616, 3322, 3787, 3887, 6934, 7059, 7184, 8016, 8833, 8944] labels [0, 0, 0, 0, 0, 1, 2, 3, 3, 3, 6, 7, 7, 7, 8, 8]

traces for 16 samples -> experiments/rate_sweep/traces_rate0.30.npz  (1.3 MB)

PASS: golden model holds accuracy and fits the membrane budget.
