golden model over 10000 test samples (integer datapath, float readout)
    500/10000  acc so far 95.80%
   1000/10000  acc so far 97.40%
   1500/10000  acc so far 97.47%
   2000/10000  acc so far 97.85%
   2500/10000  acc so far 98.04%
   3000/10000  acc so far 97.97%
   3500/10000  acc so far 97.77%
   4000/10000  acc so far 97.75%
   4500/10000  acc so far 97.69%
   5000/10000  acc so far 97.62%
   5500/10000  acc so far 97.42%
   6000/10000  acc so far 97.45%
   6500/10000  acc so far 97.45%
   7000/10000  acc so far 97.54%
   7500/10000  acc so far 97.47%
   8000/10000  acc so far 97.46%
   8500/10000  acc so far 97.40%
   9000/10000  acc so far 97.41%
   9500/10000  acc so far 97.22%
  10000/10000  acc so far 97.26%

float model   : 97.18%
golden integer: 97.26%
drop          : -0.08 pp   (M1 gate: ~1 pp)

membrane ranges over the run (hardware budget: int16, +-32767):
  c1  V in [   -861,    231]  -> 11 bits  fits int16
  c2  V in [  -1156,    550]  -> 12 bits  fits int16
  c3  V in [  -1787,    737]  -> 12 bits  fits int16
  fc  V in [  -1564,   1280]  -> 12 bits  fits int16

trace samples (C0039, seed 20260820): idx [318, 349, 810, 963, 966, 1136, 2616, 3322, 3787, 3887, 6934, 7059, 7184, 8016, 8833, 8944] labels [0, 0, 0, 0, 0, 1, 2, 3, 3, 3, 6, 7, 7, 7, 8, 8]

traces for 16 samples -> experiments/rate_sweep/traces_rate0.04.npz  (1.1 MB)

PASS: golden model holds accuracy and fits the membrane budget.
