golden model over 10000 test samples (integer datapath, float readout)
    500/10000  acc so far 97.80%
   1000/10000  acc so far 98.30%
   1500/10000  acc so far 98.47%
   2000/10000  acc so far 98.75%
   2500/10000  acc so far 98.64%
   3000/10000  acc so far 98.60%
   3500/10000  acc so far 97.69%
   4000/10000  acc so far 97.15%
   4500/10000  acc so far 96.78%
   5000/10000  acc so far 96.84%
   5500/10000  acc so far 96.82%
   6000/10000  acc so far 96.98%
   6500/10000  acc so far 96.58%
   7000/10000  acc so far 96.63%
   7500/10000  acc so far 96.49%
   8000/10000  acc so far 96.62%
   8500/10000  acc so far 95.65%
   9000/10000  acc so far 95.46%
   9500/10000  acc so far 94.91%
  10000/10000  acc so far 94.52%

float model   : 94.56%
golden integer: 94.52%
drop          : 0.04 pp   (M1 gate: ~1 pp)

membrane ranges over the run (hardware budget: int16, +-32767):
  c1  V in [   -322,   2012]  -> 12 bits  fits int16
  c2  V in [  -2701,   4823]  -> 14 bits  fits int16
  c3  V in [  -5346,   5845]  -> 14 bits  fits int16
  fc  V in [  -5526,   4127]  -> 14 bits  fits int16

trace samples (C0039, seed 20260820): idx [318, 349, 810, 963, 966, 1136, 2616, 3322, 3787, 3887, 6934, 7059, 7184, 8016, 8833, 8944] labels [0, 0, 0, 0, 0, 1, 2, 3, 3, 3, 6, 7, 7, 7, 8, 8]

traces for 16 samples -> ../../../tmp/tr_n_0.30_1.npz  (1.4 MB)

PASS: golden model holds accuracy and fits the membrane budget.
