golden model over 10000 test samples (integer datapath, float readout)
    500/10000  acc so far 96.80%
   1000/10000  acc so far 97.60%
   1500/10000  acc so far 97.87%
   2000/10000  acc so far 98.40%
   2500/10000  acc so far 98.48%
   3000/10000  acc so far 98.67%
   3500/10000  acc so far 98.57%
   4000/10000  acc so far 98.35%
   4500/10000  acc so far 97.93%
   5000/10000  acc so far 97.74%
   5500/10000  acc so far 97.22%
   6000/10000  acc so far 97.12%
   6500/10000  acc so far 96.95%
   7000/10000  acc so far 97.06%
   7500/10000  acc so far 97.01%
   8000/10000  acc so far 97.12%
   8500/10000  acc so far 97.06%
   9000/10000  acc so far 97.03%
   9500/10000  acc so far 96.88%
  10000/10000  acc so far 96.96%

float model   : 96.92%
golden integer: 96.96%
drop          : -0.04 pp   (M1 gate: ~1 pp)

membrane ranges over the run (hardware budget: int16, +-32767):
  c1  V in [   -722,    585]  -> 11 bits  fits int16
  c2  V in [  -1280,    721]  -> 12 bits  fits int16
  c3  V in [  -3595,   2468]  -> 13 bits  fits int16
  fc  V in [  -1924,   1840]  -> 12 bits  fits int16

trace samples (C0039, seed 20260820): idx [318, 349, 810, 963, 966, 1136, 2616, 3322, 3787, 3887, 6934, 7059, 7184, 8016, 8833, 8944] labels [0, 0, 0, 0, 0, 1, 2, 3, 3, 3, 6, 7, 7, 7, 8, 8]

traces for 16 samples -> experiments/rate_sweep/traces_rate0.08.npz  (1.2 MB)

PASS: golden model holds accuracy and fits the membrane budget.
