golden model over 10000 test samples (integer datapath, float readout)
    500/10000  acc so far 97.00%
   1000/10000  acc so far 97.50%
   1500/10000  acc so far 98.07%
   2000/10000  acc so far 98.45%
   2500/10000  acc so far 98.16%
   3000/10000  acc so far 97.93%
   3500/10000  acc so far 97.69%
   4000/10000  acc so far 97.58%
   4500/10000  acc so far 97.36%
   5000/10000  acc so far 97.38%
   5500/10000  acc so far 97.20%
   6000/10000  acc so far 97.27%
   6500/10000  acc so far 97.05%
   7000/10000  acc so far 97.13%
   7500/10000  acc so far 97.08%
   8000/10000  acc so far 97.11%
   8500/10000  acc so far 96.99%
   9000/10000  acc so far 96.99%
   9500/10000  acc so far 96.85%
  10000/10000  acc so far 96.90%

float model   : 96.91%
golden integer: 96.90%
drop          : 0.01 pp   (M1 gate: ~1 pp)

membrane ranges over the run (hardware budget: int16, +-32767):
  c1  V in [  -1137,    197]  -> 12 bits  fits int16
  c2  V in [  -1266,    433]  -> 12 bits  fits int16
  c3  V in [   -699,    278]  -> 11 bits  fits int16
  fc  V in [  -1406,   1200]  -> 12 bits  fits int16

trace samples (C0039, seed 20260820): idx [318, 349, 810, 963, 966, 1136, 2616, 3322, 3787, 3887, 6934, 7059, 7184, 8016, 8833, 8944] labels [0, 0, 0, 0, 0, 1, 2, 3, 3, 3, 6, 7, 7, 7, 8, 8]

traces for 16 samples -> experiments/rate_sweep/traces_rate0.02.npz  (1.1 MB)

PASS: golden model holds accuracy and fits the membrane budget.
