golden model over 10000 test samples (integer datapath, float readout)
    500/10000  acc so far 98.40%
   1000/10000  acc so far 98.70%
   1500/10000  acc so far 98.67%
   2000/10000  acc so far 98.90%
   2500/10000  acc so far 98.72%
   3000/10000  acc so far 98.50%
   3500/10000  acc so far 97.91%
   4000/10000  acc so far 97.50%
   4500/10000  acc so far 97.29%
   5000/10000  acc so far 97.20%
   5500/10000  acc so far 96.98%
   6000/10000  acc so far 97.18%
   6500/10000  acc so far 97.05%
   7000/10000  acc so far 97.20%
   7500/10000  acc so far 97.21%
   8000/10000  acc so far 97.33%
   8500/10000  acc so far 97.00%
   9000/10000  acc so far 96.98%
   9500/10000  acc so far 96.66%
  10000/10000  acc so far 96.54%

float model   : 96.53%
golden integer: 96.54%
drop          : -0.01 pp   (M1 gate: ~1 pp)

membrane ranges over the run (hardware budget: int16, +-32767):
  c1  V in [   -594,    949]  -> 11 bits  fits int16
  c2  V in [  -2795,   2619]  -> 13 bits  fits int16
  c3  V in [  -4456,   4094]  -> 14 bits  fits int16
  fc  V in [  -5372,   1930]  -> 14 bits  fits int16

trace samples (C0039, seed 20260820): idx [318, 349, 810, 963, 966, 1136, 2616, 3322, 3787, 3887, 6934, 7059, 7184, 8016, 8833, 8944] labels [0, 0, 0, 0, 0, 1, 2, 3, 3, 3, 6, 7, 7, 7, 8, 8]

traces for 16 samples -> ../../../tmp/tr_n_0.16_1.npz  (1.3 MB)

PASS: golden model holds accuracy and fits the membrane budget.
