golden model over 10000 test samples (integer datapath, float readout)
    500/10000  acc so far 98.40%
   1000/10000  acc so far 98.80%
   1500/10000  acc so far 98.27%
   2000/10000  acc so far 98.55%
   2500/10000  acc so far 98.32%
   3000/10000  acc so far 98.17%
   3500/10000  acc so far 97.71%
   4000/10000  acc so far 97.28%
   4500/10000  acc so far 96.87%
   5000/10000  acc so far 96.84%
   5500/10000  acc so far 96.35%
   6000/10000  acc so far 96.27%
   6500/10000  acc so far 96.17%
   7000/10000  acc so far 96.39%
   7500/10000  acc so far 96.33%
   8000/10000  acc so far 96.40%
   8500/10000  acc so far 96.02%
   9000/10000  acc so far 95.98%
   9500/10000  acc so far 95.79%
  10000/10000  acc so far 95.73%

float model   : 95.62%
golden integer: 95.73%
drop          : -0.11 pp   (M1 gate: ~1 pp)

membrane ranges over the run (hardware budget: int16, +-32767):
  c1  V in [   -381,   1960]  -> 12 bits  fits int16
  c2  V in [  -1452,   2113]  -> 13 bits  fits int16
  c3  V in [  -3254,   2765]  -> 13 bits  fits int16
  fc  V in [  -7414,   4631]  -> 14 bits  fits int16

trace samples (C0039, seed 20260820): idx [318, 349, 810, 963, 966, 1136, 2616, 3322, 3787, 3887, 6934, 7059, 7184, 8016, 8833, 8944] labels [0, 0, 0, 0, 0, 1, 2, 3, 3, 3, 6, 7, 7, 7, 8, 8]

traces for 16 samples -> ../../../tmp/tr_n_0.30_2.npz  (1.3 MB)

PASS: golden model holds accuracy and fits the membrane budget.
