golden model over 10000 test samples (integer datapath, float readout)
    500/10000  acc so far 98.80%
   1000/10000  acc so far 98.90%
   1500/10000  acc so far 98.73%
   2000/10000  acc so far 99.00%
   2500/10000  acc so far 98.84%
   3000/10000  acc so far 98.63%
   3500/10000  acc so far 98.23%
   4000/10000  acc so far 98.15%
   4500/10000  acc so far 98.11%
   5000/10000  acc so far 98.14%
   5500/10000  acc so far 98.04%
   6000/10000  acc so far 98.07%
   6500/10000  acc so far 97.80%
   7000/10000  acc so far 97.87%
   7500/10000  acc so far 97.72%
   8000/10000  acc so far 97.79%
   8500/10000  acc so far 97.62%
   9000/10000  acc so far 97.49%
   9500/10000  acc so far 97.16%
  10000/10000  acc so far 97.19%

float model   : 97.27%
golden integer: 97.19%
drop          : 0.08 pp   (M1 gate: ~1 pp)

membrane ranges over the run (hardware budget: int16, +-32767):
  c1  V in [  -1608,    438]  -> 12 bits  fits int16
  c2  V in [  -2116,    378]  -> 13 bits  fits int16
  c3  V in [  -1741,    354]  -> 12 bits  fits int16
  fc  V in [  -1255,   1247]  -> 12 bits  fits int16

trace samples (C0039, seed 20260820): idx [318, 349, 810, 963, 966, 1136, 2616, 3322, 3787, 3887, 6934, 7059, 7184, 8016, 8833, 8944] labels [0, 0, 0, 0, 0, 1, 2, 3, 3, 3, 6, 7, 7, 7, 8, 8]

traces for 16 samples -> ../../../tmp/tr_n_0.02_1.npz  (1.1 MB)

PASS: golden model holds accuracy and fits the membrane budget.
