/home/dhritiaravind/snn_parkour_fpga/train/03_train.py:69: UserWarning: Converting a tensor with requires_grad=True to a scalar may lead to unexpected behavior.
Consider using tensor.detach() first. (Triggered internally at /pytorch/torch/csrc/autograd/generated/python_variable_methods.cpp:836.)
  tot_loss += float(loss) * y.numel()
encoding : binarised   (D0003)
loading nmnist (first epoch also builds the frame cache)...
device: cuda   train batches: 468   test batches: 79

rate penalty: target 0.160, lambda 100.0, layers ('c1', 'c2', 'c3')
epoch  1    8.2s  train acc 0.815  test acc 0.932  |  rates c1=0.160  c2=0.157  c3=0.159  fc=0.345
epoch  2    6.5s  train acc 0.942  test acc 0.951  |  rates c1=0.160  c2=0.157  c3=0.158  fc=0.339
epoch  3    6.4s  train acc 0.957  test acc 0.957  |  rates c1=0.160  c2=0.160  c3=0.160  fc=0.345
epoch  4    6.2s  train acc 0.964  test acc 0.964  |  rates c1=0.160  c2=0.160  c3=0.159  fc=0.339
epoch  5    7.0s  train acc 0.968  test acc 0.964  |  rates c1=0.159  c2=0.157  c3=0.160  fc=0.322
epoch  6    6.8s  train acc 0.970  test acc 0.965  |  rates c1=0.161  c2=0.159  c3=0.158  fc=0.316
epoch  7    6.5s  train acc 0.972  test acc 0.968  |  rates c1=0.160  c2=0.159  c3=0.160  fc=0.318
epoch  8    6.7s  train acc 0.975  test acc 0.968  |  rates c1=0.160  c2=0.160  c3=0.158  fc=0.308
epoch  9    6.8s  train acc 0.977  test acc 0.965  |  rates c1=0.159  c2=0.159  c3=0.160  fc=0.302
epoch 10    6.6s  train acc 0.978  test acc 0.969  |  rates c1=0.159  c2=0.161  c3=0.159  fc=0.310

per-epoch log -> experiments/rates_binarised_nmnist_target0.160_seed2_t4.csv
plot -> experiments/m0_firing_rates_binarised.png

--- final per-layer firing rates (binarised) ---
  c1   15.88% of neurons fire per timestep
  c2   16.08% of neurons fire per timestep
  c3   15.90% of neurons fire per timestep
  fc   31.01% of neurons fire per timestep

final test accuracy: 96.91%
checkpoint -> experiments/rate_sweep/nmnist_rate0.16_seed2.pt

This is a measurement, not a target. Do not tune it.
