/home/dhritiaravind/snn_parkour_fpga/train/03_train.py:69: UserWarning: Converting a tensor with requires_grad=True to a scalar may lead to unexpected behavior.
Consider using tensor.detach() first. (Triggered internally at /pytorch/torch/csrc/autograd/generated/python_variable_methods.cpp:836.)
  tot_loss += float(loss) * y.numel()
encoding : binarised   (D0003)
loading nmnist (first epoch also builds the frame cache)...
device: cuda   train batches: 468   test batches: 79

rate penalty: target 0.300, lambda 100.0, layers ('c1', 'c2', 'c3')
epoch  1    8.5s  train acc 0.713  test acc 0.873  |  rates c1=0.277  c2=0.297  c3=0.299  fc=0.355
epoch  2    6.6s  train acc 0.894  test acc 0.913  |  rates c1=0.287  c2=0.296  c3=0.298  fc=0.370
epoch  3    6.9s  train acc 0.920  test acc 0.930  |  rates c1=0.291  c2=0.299  c3=0.301  fc=0.359
epoch  4    6.7s  train acc 0.933  test acc 0.938  |  rates c1=0.294  c2=0.297  c3=0.297  fc=0.356
epoch  5    6.2s  train acc 0.940  test acc 0.945  |  rates c1=0.295  c2=0.297  c3=0.299  fc=0.345
epoch  6    6.5s  train acc 0.946  test acc 0.947  |  rates c1=0.296  c2=0.298  c3=0.296  fc=0.361
epoch  7    6.3s  train acc 0.950  test acc 0.949  |  rates c1=0.297  c2=0.299  c3=0.299  fc=0.350
epoch  8    6.9s  train acc 0.951  test acc 0.935  |  rates c1=0.297  c2=0.304  c3=0.301  fc=0.364
epoch  9    6.3s  train acc 0.955  test acc 0.946  |  rates c1=0.297  c2=0.294  c3=0.299  fc=0.331
epoch 10    6.6s  train acc 0.957  test acc 0.956  |  rates c1=0.298  c2=0.297  c3=0.297  fc=0.321

per-epoch log -> experiments/rates_binarised_nmnist_target0.300_seed2_t4.csv
plot -> experiments/m0_firing_rates_binarised.png

--- final per-layer firing rates (binarised) ---
  c1   29.76% of neurons fire per timestep
  c2   29.66% of neurons fire per timestep
  c3   29.69% of neurons fire per timestep
  fc   32.14% of neurons fire per timestep

final test accuracy: 95.62%
checkpoint -> experiments/rate_sweep/nmnist_rate0.30_seed2.pt

This is a measurement, not a target. Do not tune it.
