/home/dhritiaravind/snn_parkour_fpga/train/03_train.py:69: UserWarning: Converting a tensor with requires_grad=True to a scalar may lead to unexpected behavior.
Consider using tensor.detach() first. (Triggered internally at /pytorch/torch/csrc/autograd/generated/python_variable_methods.cpp:836.)
  tot_loss += float(loss) * y.numel()
encoding : binarised   (D0003)
loading nmnist (first epoch also builds the frame cache)...
device: cuda   train batches: 468   test batches: 79

rate penalty: target 0.160, lambda 100.0, layers ('c1', 'c2', 'c3')
epoch  1    8.4s  train acc 0.834  test acc 0.935  |  rates c1=0.161  c2=0.161  c3=0.158  fc=0.361
epoch  2    7.3s  train acc 0.941  test acc 0.942  |  rates c1=0.161  c2=0.161  c3=0.162  fc=0.352
epoch  3    6.4s  train acc 0.954  test acc 0.949  |  rates c1=0.161  c2=0.159  c3=0.160  fc=0.357
epoch  4    6.7s  train acc 0.961  test acc 0.956  |  rates c1=0.161  c2=0.160  c3=0.160  fc=0.359
epoch  5    6.4s  train acc 0.967  test acc 0.952  |  rates c1=0.160  c2=0.160  c3=0.160  fc=0.338
epoch  6    6.4s  train acc 0.970  test acc 0.964  |  rates c1=0.160  c2=0.159  c3=0.159  fc=0.331
epoch  7    6.5s  train acc 0.972  test acc 0.964  |  rates c1=0.161  c2=0.163  c3=0.162  fc=0.332
epoch  8    6.7s  train acc 0.974  test acc 0.969  |  rates c1=0.160  c2=0.160  c3=0.158  fc=0.316
epoch  9    6.6s  train acc 0.976  test acc 0.963  |  rates c1=0.160  c2=0.160  c3=0.159  fc=0.320
epoch 10    6.8s  train acc 0.978  test acc 0.965  |  rates c1=0.160  c2=0.160  c3=0.160  fc=0.321

per-epoch log -> experiments/rates_binarised_nmnist_target0.160_seed1_t4.csv
plot -> experiments/m0_firing_rates_binarised.png

--- final per-layer firing rates (binarised) ---
  c1   16.01% of neurons fire per timestep
  c2   16.01% of neurons fire per timestep
  c3   16.02% of neurons fire per timestep
  fc   32.12% of neurons fire per timestep

final test accuracy: 96.53%
checkpoint -> experiments/rate_sweep/nmnist_rate0.16_seed1.pt

This is a measurement, not a target. Do not tune it.
