/home/dhritiaravind/snn_parkour_fpga/train/03_train.py:69: UserWarning: Converting a tensor with requires_grad=True to a scalar may lead to unexpected behavior.
Consider using tensor.detach() first. (Triggered internally at /pytorch/torch/csrc/autograd/generated/python_variable_methods.cpp:836.)
  tot_loss += float(loss) * y.numel()
encoding : binarised   (D0003)
loading nmnist (first epoch also builds the frame cache)...
device: cuda   train batches: 468   test batches: 79

rate penalty: target 0.080, lambda 100.0, layers ('c1', 'c2', 'c3')
epoch  1    8.3s  train acc 0.853  test acc 0.946  |  rates c1=0.081  c2=0.080  c3=0.079  fc=0.315
epoch  2    6.5s  train acc 0.954  test acc 0.960  |  rates c1=0.081  c2=0.079  c3=0.081  fc=0.313
epoch  3    7.0s  train acc 0.965  test acc 0.965  |  rates c1=0.081  c2=0.081  c3=0.082  fc=0.306
epoch  4    6.8s  train acc 0.971  test acc 0.968  |  rates c1=0.081  c2=0.080  c3=0.081  fc=0.306
epoch  5    6.7s  train acc 0.975  test acc 0.967  |  rates c1=0.080  c2=0.078  c3=0.080  fc=0.290
epoch  6    6.7s  train acc 0.978  test acc 0.969  |  rates c1=0.080  c2=0.079  c3=0.082  fc=0.292
epoch  7    6.5s  train acc 0.981  test acc 0.972  |  rates c1=0.080  c2=0.079  c3=0.080  fc=0.293
epoch  8    6.5s  train acc 0.984  test acc 0.970  |  rates c1=0.082  c2=0.081  c3=0.079  fc=0.285
epoch  9    6.7s  train acc 0.985  test acc 0.973  |  rates c1=0.081  c2=0.079  c3=0.080  fc=0.282
epoch 10    6.7s  train acc 0.985  test acc 0.975  |  rates c1=0.080  c2=0.081  c3=0.081  fc=0.276

per-epoch log -> experiments/rates_binarised_nmnist_target0.080_seed2_t4.csv
plot -> experiments/m0_firing_rates_binarised.png

--- final per-layer firing rates (binarised) ---
  c1    8.03% of neurons fire per timestep
  c2    8.06% of neurons fire per timestep
  c3    8.09% of neurons fire per timestep
  fc   27.64% of neurons fire per timestep

final test accuracy: 97.49%
checkpoint -> experiments/rate_sweep/nmnist_rate0.08_seed2.pt

This is a measurement, not a target. Do not tune it.
