/home/dhritiaravind/snn_parkour_fpga/train/03_train.py:69: UserWarning: Converting a tensor with requires_grad=True to a scalar may lead to unexpected behavior.
Consider using tensor.detach() first. (Triggered internally at /pytorch/torch/csrc/autograd/generated/python_variable_methods.cpp:836.)
  tot_loss += float(loss) * y.numel()
encoding : binarised   (D0003)
loading nmnist (first epoch also builds the frame cache)...
device: cuda   train batches: 468   test batches: 79

rate penalty: target 0.040, lambda 100.0, layers ('c1', 'c2', 'c3')
epoch  1    7.7s  train acc 0.860  test acc 0.942  |  rates c1=0.047  c2=0.043  c3=0.042  fc=0.295
epoch  2    6.4s  train acc 0.952  test acc 0.958  |  rates c1=0.045  c2=0.042  c3=0.044  fc=0.302
epoch  3    6.4s  train acc 0.964  test acc 0.961  |  rates c1=0.043  c2=0.042  c3=0.042  fc=0.283
epoch  4    6.3s  train acc 0.972  test acc 0.966  |  rates c1=0.043  c2=0.042  c3=0.040  fc=0.279
epoch  5    6.8s  train acc 0.975  test acc 0.966  |  rates c1=0.041  c2=0.041  c3=0.041  fc=0.276
epoch  6    6.4s  train acc 0.979  test acc 0.967  |  rates c1=0.042  c2=0.041  c3=0.040  fc=0.271
epoch  7    6.4s  train acc 0.980  test acc 0.970  |  rates c1=0.042  c2=0.041  c3=0.041  fc=0.273
epoch  8    6.4s  train acc 0.983  test acc 0.967  |  rates c1=0.040  c2=0.040  c3=0.040  fc=0.267
epoch  9    6.8s  train acc 0.986  test acc 0.972  |  rates c1=0.042  c2=0.042  c3=0.041  fc=0.270
epoch 10    6.8s  train acc 0.987  test acc 0.975  |  rates c1=0.042  c2=0.041  c3=0.042  fc=0.276

per-epoch log -> experiments/rates_binarised_nmnist_target0.040_seed1_t4.csv
plot -> experiments/m0_firing_rates_binarised.png

--- final per-layer firing rates (binarised) ---
  c1    4.22% of neurons fire per timestep
  c2    4.14% of neurons fire per timestep
  c3    4.16% of neurons fire per timestep
  fc   27.61% of neurons fire per timestep

final test accuracy: 97.53%
checkpoint -> experiments/rate_sweep/nmnist_rate0.04_seed1.pt

This is a measurement, not a target. Do not tune it.
