/home/dhritiaravind/snn_parkour_fpga/train/03_train.py:69: UserWarning: Converting a tensor with requires_grad=True to a scalar may lead to unexpected behavior.
Consider using tensor.detach() first. (Triggered internally at /pytorch/torch/csrc/autograd/generated/python_variable_methods.cpp:836.)
  tot_loss += float(loss) * y.numel()
encoding : binarised   (D0003)
loading nmnist (first epoch also builds the frame cache)...
device: cuda   train batches: 468   test batches: 79

rate penalty: target 0.300, lambda 100.0, layers ('c1', 'c2', 'c3')
epoch  1    8.1s  train acc 0.723  test acc 0.859  |  rates c1=0.280  c2=0.297  c3=0.298  fc=0.374
epoch  2    6.6s  train acc 0.893  test acc 0.897  |  rates c1=0.289  c2=0.300  c3=0.301  fc=0.398
epoch  3    6.7s  train acc 0.920  test acc 0.925  |  rates c1=0.293  c2=0.294  c3=0.294  fc=0.382
epoch  4    6.8s  train acc 0.932  test acc 0.931  |  rates c1=0.295  c2=0.296  c3=0.299  fc=0.389
epoch  5    6.4s  train acc 0.936  test acc 0.934  |  rates c1=0.296  c2=0.302  c3=0.303  fc=0.354
epoch  6    6.7s  train acc 0.945  test acc 0.943  |  rates c1=0.296  c2=0.299  c3=0.296  fc=0.366
epoch  7    6.3s  train acc 0.949  test acc 0.944  |  rates c1=0.297  c2=0.300  c3=0.298  fc=0.334
epoch  8    6.5s  train acc 0.953  test acc 0.944  |  rates c1=0.297  c2=0.300  c3=0.299  fc=0.349
epoch  9    6.7s  train acc 0.954  test acc 0.950  |  rates c1=0.298  c2=0.297  c3=0.296  fc=0.334
epoch 10    6.6s  train acc 0.957  test acc 0.946  |  rates c1=0.298  c2=0.295  c3=0.298  fc=0.316

per-epoch log -> experiments/rates_binarised_nmnist_target0.300_seed1_t4.csv
plot -> experiments/m0_firing_rates_binarised.png

--- final per-layer firing rates (binarised) ---
  c1   29.75% of neurons fire per timestep
  c2   29.51% of neurons fire per timestep
  c3   29.84% of neurons fire per timestep
  fc   31.61% of neurons fire per timestep

final test accuracy: 94.56%
checkpoint -> experiments/rate_sweep/nmnist_rate0.30_seed1.pt

This is a measurement, not a target. Do not tune it.
