/home/dhritiaravind/snn_parkour_fpga/train/03_train.py:62: UserWarning: Converting a tensor with requires_grad=True to a scalar may lead to unexpected behavior.
Consider using tensor.detach() first. (Triggered internally at /__w/pytorch/pytorch/torch/csrc/autograd/generated/python_variable_methods.cpp:820.)
  tot_loss += float(loss) * y.numel()
encoding : binarised   (D0003)
loading N-MNIST (first epoch also builds the frame cache)...
device: cuda   train batches: 8   test batches: 3

epoch  1    1.8s  train acc 0.249  test acc 0.413  |  rates c1=0.065  c2=0.096  c3=0.108  fc=0.170
epoch  2    0.4s  train acc 0.537  test acc 0.561  |  rates c1=0.066  c2=0.109  c3=0.150  fc=0.298
epoch  3    0.4s  train acc 0.627  test acc 0.583  |  rates c1=0.067  c2=0.111  c3=0.151  fc=0.302
epoch  4    0.4s  train acc 0.657  test acc 0.629  |  rates c1=0.067  c2=0.114  c3=0.155  fc=0.316
epoch  5    0.4s  train acc 0.685  test acc 0.633  |  rates c1=0.068  c2=0.118  c3=0.157  fc=0.316
epoch  6    0.4s  train acc 0.711  test acc 0.606  |  rates c1=0.068  c2=0.121  c3=0.160  fc=0.323
epoch  7    0.4s  train acc 0.746  test acc 0.629  |  rates c1=0.069  c2=0.124  c3=0.163  fc=0.325
epoch  8    0.4s  train acc 0.774  test acc 0.636  |  rates c1=0.069  c2=0.128  c3=0.167  fc=0.324
epoch  9    0.4s  train acc 0.807  test acc 0.633  |  rates c1=0.072  c2=0.132  c3=0.170  fc=0.328
epoch 10    0.4s  train acc 0.866  test acc 0.610  |  rates c1=0.072  c2=0.133  c3=0.172  fc=0.330
epoch 11    0.4s  train acc 0.864  test acc 0.640  |  rates c1=0.070  c2=0.132  c3=0.171  fc=0.329
epoch 12    0.4s  train acc 0.887  test acc 0.629  |  rates c1=0.072  c2=0.135  c3=0.175  fc=0.339
epoch 13    0.4s  train acc 0.887  test acc 0.633  |  rates c1=0.072  c2=0.135  c3=0.174  fc=0.336
epoch 14    0.4s  train acc 0.912  test acc 0.621  |  rates c1=0.073  c2=0.135  c3=0.172  fc=0.334
epoch 15    0.4s  train acc 0.948  test acc 0.648  |  rates c1=0.073  c2=0.137  c3=0.177  fc=0.348
epoch 16    0.4s  train acc 0.953  test acc 0.648  |  rates c1=0.073  c2=0.138  c3=0.177  fc=0.344
epoch 17    0.3s  train acc 0.952  test acc 0.625  |  rates c1=0.073  c2=0.139  c3=0.178  fc=0.341
epoch 18    0.3s  train acc 0.969  test acc 0.633  |  rates c1=0.071  c2=0.138  c3=0.178  fc=0.345
epoch 19    0.4s  train acc 0.976  test acc 0.636  |  rates c1=0.070  c2=0.138  c3=0.178  fc=0.348
epoch 20    0.4s  train acc 0.986  test acc 0.629  |  rates c1=0.073  c2=0.141  c3=0.180  fc=0.353
epoch 21    0.4s  train acc 0.993  test acc 0.614  |  rates c1=0.070  c2=0.140  c3=0.182  fc=0.354
epoch 22    0.3s  train acc 0.995  test acc 0.636  |  rates c1=0.073  c2=0.143  c3=0.182  fc=0.354
epoch 23    0.3s  train acc 0.998  test acc 0.640  |  rates c1=0.071  c2=0.142  c3=0.188  fc=0.362
epoch 24    0.3s  train acc 0.998  test acc 0.625  |  rates c1=0.073  c2=0.143  c3=0.182  fc=0.357
epoch 25    0.3s  train acc 1.000  test acc 0.644  |  rates c1=0.071  c2=0.141  c3=0.186  fc=0.361
epoch 26    0.3s  train acc 0.999  test acc 0.640  |  rates c1=0.073  c2=0.144  c3=0.186  fc=0.356
epoch 27    0.3s  train acc 0.999  test acc 0.636  |  rates c1=0.071  c2=0.142  c3=0.187  fc=0.362
epoch 28    0.3s  train acc 0.999  test acc 0.648  |  rates c1=0.071  c2=0.143  c3=0.188  fc=0.366
epoch 29    0.3s  train acc 1.000  test acc 0.644  |  rates c1=0.073  c2=0.145  c3=0.189  fc=0.364
epoch 30    0.3s  train acc 1.000  test acc 0.633  |  rates c1=0.073  c2=0.143  c3=0.186  fc=0.359

per-epoch log -> experiments/m0_firing_rates_binarised.csv
plot -> experiments/m0_firing_rates_binarised.png

--- final per-layer firing rates (binarised) ---
  c1    7.33% of neurons fire per timestep
  c2   14.31% of neurons fire per timestep
  c3   18.63% of neurons fire per timestep
  fc   35.91% of neurons fire per timestep

final test accuracy: 63.26%
checkpoint -> experiments/dvsgesture/dvsgesture_beta0875_seed0.pt

This is a measurement, not a target. Do not tune it.
