/home/dhritiaravind/snn_parkour_fpga/train/03_train.py:69: UserWarning: Converting a tensor with requires_grad=True to a scalar may lead to unexpected behavior.
Consider using tensor.detach() first. (Triggered internally at /pytorch/torch/csrc/autograd/generated/python_variable_methods.cpp:836.)
  tot_loss += float(loss) * y.numel()
encoding : binarised   (D0003)
loading dvsgesture (first epoch also builds the frame cache)...
device: cuda   train batches: 8   test batches: 3

rate penalty: target 0.040, lambda 100.0, layers ('c1', 'c2', 'c3')
epoch  1    1.6s  train acc 0.214  test acc 0.356  |  rates c1=0.057  c2=0.057  c3=0.047  fc=0.079
epoch  2    0.1s  train acc 0.403  test acc 0.542  |  rates c1=0.053  c2=0.054  c3=0.071  fc=0.207
epoch  3    0.2s  train acc 0.588  test acc 0.583  |  rates c1=0.053  c2=0.054  c3=0.079  fc=0.262
epoch  4    0.1s  train acc 0.646  test acc 0.617  |  rates c1=0.053  c2=0.051  c3=0.069  fc=0.254
epoch  5    0.1s  train acc 0.660  test acc 0.633  |  rates c1=0.053  c2=0.052  c3=0.068  fc=0.271
epoch  6    0.1s  train acc 0.713  test acc 0.633  |  rates c1=0.053  c2=0.054  c3=0.067  fc=0.287
epoch  7    0.1s  train acc 0.736  test acc 0.625  |  rates c1=0.053  c2=0.056  c3=0.066  fc=0.292
epoch  8    0.1s  train acc 0.754  test acc 0.606  |  rates c1=0.053  c2=0.056  c3=0.062  fc=0.286
epoch  9    0.1s  train acc 0.789  test acc 0.614  |  rates c1=0.053  c2=0.056  c3=0.062  fc=0.291
epoch 10    0.1s  train acc 0.808  test acc 0.640  |  rates c1=0.053  c2=0.057  c3=0.061  fc=0.299
epoch 11    0.1s  train acc 0.830  test acc 0.629  |  rates c1=0.053  c2=0.056  c3=0.059  fc=0.296
epoch 12    0.1s  train acc 0.889  test acc 0.633  |  rates c1=0.051  c2=0.054  c3=0.060  fc=0.300
epoch 13    0.2s  train acc 0.905  test acc 0.629  |  rates c1=0.051  c2=0.055  c3=0.060  fc=0.314
epoch 14    0.2s  train acc 0.917  test acc 0.625  |  rates c1=0.051  c2=0.055  c3=0.059  fc=0.308
epoch 15    0.2s  train acc 0.961  test acc 0.659  |  rates c1=0.051  c2=0.056  c3=0.058  fc=0.317
epoch 16    0.1s  train acc 0.977  test acc 0.648  |  rates c1=0.051  c2=0.055  c3=0.057  fc=0.319
epoch 17    0.1s  train acc 0.971  test acc 0.644  |  rates c1=0.054  c2=0.053  c3=0.055  fc=0.316
epoch 18    0.1s  train acc 0.985  test acc 0.678  |  rates c1=0.051  c2=0.055  c3=0.057  fc=0.327
epoch 19    0.1s  train acc 0.988  test acc 0.655  |  rates c1=0.053  c2=0.052  c3=0.054  fc=0.328
epoch 20    0.1s  train acc 0.989  test acc 0.636  |  rates c1=0.051  c2=0.055  c3=0.054  fc=0.328
epoch 21    0.1s  train acc 0.995  test acc 0.655  |  rates c1=0.054  c2=0.051  c3=0.052  fc=0.329
epoch 22    0.1s  train acc 1.000  test acc 0.617  |  rates c1=0.051  c2=0.054  c3=0.054  fc=0.334
epoch 23    0.1s  train acc 0.999  test acc 0.625  |  rates c1=0.051  c2=0.054  c3=0.053  fc=0.339
epoch 24    0.1s  train acc 1.000  test acc 0.629  |  rates c1=0.050  c2=0.053  c3=0.052  fc=0.338
epoch 25    0.1s  train acc 0.999  test acc 0.636  |  rates c1=0.050  c2=0.053  c3=0.052  fc=0.338
epoch 26    0.1s  train acc 1.000  test acc 0.636  |  rates c1=0.050  c2=0.053  c3=0.052  fc=0.339
epoch 27    0.1s  train acc 1.000  test acc 0.614  |  rates c1=0.050  c2=0.052  c3=0.051  fc=0.336
epoch 28    0.1s  train acc 1.000  test acc 0.640  |  rates c1=0.053  c2=0.049  c3=0.050  fc=0.337
epoch 29    0.1s  train acc 1.000  test acc 0.644  |  rates c1=0.050  c2=0.052  c3=0.051  fc=0.348
epoch 30    0.1s  train acc 1.000  test acc 0.644  |  rates c1=0.050  c2=0.051  c3=0.050  fc=0.344

per-epoch log -> experiments/rates_binarised_dvsgesture_target0.040_seed0_t4.csv
plot -> experiments/m0_firing_rates_binarised.png

--- final per-layer firing rates (binarised) ---
  c1    4.99% of neurons fire per timestep
  c2    5.05% of neurons fire per timestep
  c3    4.97% of neurons fire per timestep
  fc   34.39% of neurons fire per timestep

final test accuracy: 64.39%
checkpoint -> experiments/rate_sweep_dvsg/dvsg_rate0.04_seed0.pt

This is a measurement, not a target. Do not tune it.
