/home/dhritiaravind/snn_parkour_fpga/train/03_train.py:69: UserWarning: Converting a tensor with requires_grad=True to a scalar may lead to unexpected behavior.
Consider using tensor.detach() first. (Triggered internally at /pytorch/torch/csrc/autograd/generated/python_variable_methods.cpp:836.)
  tot_loss += float(loss) * y.numel()
encoding : binarised   (D0003)
loading dvsgesture (first epoch also builds the frame cache)...
device: cuda   train batches: 8   test batches: 3

rate penalty: target 0.080, lambda 100.0, layers ('c1', 'c2', 'c3')
epoch  1    1.6s  train acc 0.320  test acc 0.443  |  rates c1=0.095  c2=0.095  c3=0.118  fc=0.202
epoch  2    0.2s  train acc 0.535  test acc 0.553  |  rates c1=0.097  c2=0.096  c3=0.115  fc=0.271
epoch  3    0.1s  train acc 0.601  test acc 0.572  |  rates c1=0.100  c2=0.098  c3=0.109  fc=0.299
epoch  4    0.2s  train acc 0.644  test acc 0.561  |  rates c1=0.098  c2=0.099  c3=0.108  fc=0.327
epoch  5    0.1s  train acc 0.711  test acc 0.602  |  rates c1=0.098  c2=0.100  c3=0.104  fc=0.331
epoch  6    0.1s  train acc 0.734  test acc 0.602  |  rates c1=0.101  c2=0.103  c3=0.103  fc=0.340
epoch  7    0.1s  train acc 0.742  test acc 0.629  |  rates c1=0.101  c2=0.101  c3=0.100  fc=0.326
epoch  8    0.1s  train acc 0.755  test acc 0.617  |  rates c1=0.101  c2=0.103  c3=0.105  fc=0.341
epoch  9    0.2s  train acc 0.824  test acc 0.598  |  rates c1=0.101  c2=0.102  c3=0.103  fc=0.345
epoch 10    0.1s  train acc 0.854  test acc 0.602  |  rates c1=0.102  c2=0.103  c3=0.102  fc=0.354
epoch 11    0.1s  train acc 0.839  test acc 0.587  |  rates c1=0.102  c2=0.101  c3=0.101  fc=0.349
epoch 12    0.1s  train acc 0.867  test acc 0.614  |  rates c1=0.102  c2=0.102  c3=0.101  fc=0.354
epoch 13    0.1s  train acc 0.889  test acc 0.633  |  rates c1=0.099  c2=0.102  c3=0.101  fc=0.358
epoch 14    0.1s  train acc 0.905  test acc 0.652  |  rates c1=0.099  c2=0.102  c3=0.101  fc=0.357
epoch 15    0.2s  train acc 0.936  test acc 0.629  |  rates c1=0.102  c2=0.099  c3=0.100  fc=0.365
epoch 16    0.1s  train acc 0.946  test acc 0.644  |  rates c1=0.102  c2=0.099  c3=0.101  fc=0.365
epoch 17    0.1s  train acc 0.968  test acc 0.663  |  rates c1=0.100  c2=0.103  c3=0.101  fc=0.366
epoch 18    0.1s  train acc 0.975  test acc 0.636  |  rates c1=0.102  c2=0.099  c3=0.100  fc=0.376
epoch 19    0.1s  train acc 0.973  test acc 0.640  |  rates c1=0.102  c2=0.099  c3=0.099  fc=0.376
epoch 20    0.2s  train acc 0.979  test acc 0.640  |  rates c1=0.102  c2=0.100  c3=0.099  fc=0.377
epoch 21    0.2s  train acc 0.989  test acc 0.625  |  rates c1=0.102  c2=0.099  c3=0.100  fc=0.380
epoch 22    0.1s  train acc 0.991  test acc 0.633  |  rates c1=0.102  c2=0.099  c3=0.099  fc=0.382
epoch 23    0.1s  train acc 0.989  test acc 0.644  |  rates c1=0.100  c2=0.101  c3=0.098  fc=0.378
epoch 24    0.1s  train acc 0.994  test acc 0.648  |  rates c1=0.102  c2=0.099  c3=0.099  fc=0.386
epoch 25    0.1s  train acc 0.992  test acc 0.640  |  rates c1=0.103  c2=0.099  c3=0.097  fc=0.382
epoch 26    0.1s  train acc 0.993  test acc 0.633  |  rates c1=0.103  c2=0.100  c3=0.099  fc=0.391
epoch 27    0.1s  train acc 0.998  test acc 0.636  |  rates c1=0.103  c2=0.097  c3=0.097  fc=0.381
epoch 28    0.1s  train acc 0.999  test acc 0.633  |  rates c1=0.103  c2=0.098  c3=0.100  fc=0.398
epoch 29    0.1s  train acc 0.999  test acc 0.640  |  rates c1=0.100  c2=0.100  c3=0.097  fc=0.391
epoch 30    0.1s  train acc 1.000  test acc 0.633  |  rates c1=0.103  c2=0.097  c3=0.096  fc=0.387

per-epoch log -> experiments/rates_binarised_dvsgesture_target0.080_seed2_t4.csv
plot -> experiments/m0_firing_rates_binarised.png

--- final per-layer firing rates (binarised) ---
  c1   10.26% of neurons fire per timestep
  c2    9.71% of neurons fire per timestep
  c3    9.59% of neurons fire per timestep
  fc   38.71% of neurons fire per timestep

final test accuracy: 63.26%
checkpoint -> experiments/rate_sweep_dvsg/dvsg_rate0.08_seed2.pt

This is a measurement, not a target. Do not tune it.
