/home/dhritiaravind/snn_parkour_fpga/train/03_train.py:69: UserWarning: Converting a tensor with requires_grad=True to a scalar may lead to unexpected behavior.
Consider using tensor.detach() first. (Triggered internally at /pytorch/torch/csrc/autograd/generated/python_variable_methods.cpp:836.)
  tot_loss += float(loss) * y.numel()
encoding : binarised   (D0003)
loading dvsgesture (first epoch also builds the frame cache)...
device: cuda   train batches: 8   test batches: 3

rate penalty: target 0.300, lambda 100.0, layers ('c1', 'c2', 'c3')
epoch  1    1.6s  train acc 0.266  test acc 0.477  |  rates c1=0.177  c2=0.200  c3=0.369  fc=0.360
epoch  2    0.1s  train acc 0.458  test acc 0.466  |  rates c1=0.209  c2=0.291  c3=0.439  fc=0.384
epoch  3    0.2s  train acc 0.479  test acc 0.530  |  rates c1=0.230  c2=0.367  c3=0.389  fc=0.369
epoch  4    0.2s  train acc 0.520  test acc 0.519  |  rates c1=0.258  c2=0.393  c3=0.345  fc=0.374
epoch  5    0.1s  train acc 0.553  test acc 0.489  |  rates c1=0.270  c2=0.383  c3=0.363  fc=0.384
epoch  6    0.1s  train acc 0.573  test acc 0.568  |  rates c1=0.282  c2=0.379  c3=0.359  fc=0.364
epoch  7    0.1s  train acc 0.613  test acc 0.561  |  rates c1=0.290  c2=0.377  c3=0.360  fc=0.377
epoch  8    0.1s  train acc 0.639  test acc 0.591  |  rates c1=0.294  c2=0.378  c3=0.359  fc=0.386
epoch  9    0.1s  train acc 0.629  test acc 0.549  |  rates c1=0.304  c2=0.379  c3=0.361  fc=0.392
epoch 10    0.1s  train acc 0.672  test acc 0.572  |  rates c1=0.314  c2=0.375  c3=0.353  fc=0.394
epoch 11    0.1s  train acc 0.701  test acc 0.602  |  rates c1=0.318  c2=0.375  c3=0.360  fc=0.388
epoch 12    0.1s  train acc 0.700  test acc 0.595  |  rates c1=0.328  c2=0.373  c3=0.354  fc=0.385
epoch 13    0.1s  train acc 0.714  test acc 0.557  |  rates c1=0.337  c2=0.375  c3=0.363  fc=0.405
epoch 14    0.1s  train acc 0.709  test acc 0.617  |  rates c1=0.339  c2=0.372  c3=0.350  fc=0.390
epoch 15    0.2s  train acc 0.753  test acc 0.572  |  rates c1=0.341  c2=0.372  c3=0.354  fc=0.392
epoch 16    0.1s  train acc 0.760  test acc 0.614  |  rates c1=0.343  c2=0.375  c3=0.359  fc=0.396
epoch 17    0.1s  train acc 0.773  test acc 0.606  |  rates c1=0.344  c2=0.370  c3=0.356  fc=0.400
epoch 18    0.1s  train acc 0.790  test acc 0.621  |  rates c1=0.345  c2=0.371  c3=0.362  fc=0.401
epoch 19    0.2s  train acc 0.822  test acc 0.640  |  rates c1=0.346  c2=0.374  c3=0.357  fc=0.401
epoch 20    0.2s  train acc 0.816  test acc 0.636  |  rates c1=0.348  c2=0.375  c3=0.362  fc=0.411
epoch 21    0.1s  train acc 0.843  test acc 0.629  |  rates c1=0.349  c2=0.368  c3=0.354  fc=0.399
epoch 22    0.1s  train acc 0.847  test acc 0.629  |  rates c1=0.350  c2=0.370  c3=0.358  fc=0.389
epoch 23    0.2s  train acc 0.847  test acc 0.595  |  rates c1=0.351  c2=0.371  c3=0.354  fc=0.398
epoch 24    0.1s  train acc 0.865  test acc 0.633  |  rates c1=0.351  c2=0.370  c3=0.361  fc=0.392
epoch 25    0.2s  train acc 0.873  test acc 0.648  |  rates c1=0.352  c2=0.373  c3=0.356  fc=0.387
epoch 26    0.1s  train acc 0.898  test acc 0.636  |  rates c1=0.353  c2=0.368  c3=0.352  fc=0.398
epoch 27    0.1s  train acc 0.861  test acc 0.640  |  rates c1=0.354  c2=0.370  c3=0.364  fc=0.398
epoch 28    0.1s  train acc 0.867  test acc 0.640  |  rates c1=0.355  c2=0.370  c3=0.353  fc=0.392
epoch 29    0.1s  train acc 0.896  test acc 0.636  |  rates c1=0.355  c2=0.369  c3=0.360  fc=0.403
epoch 30    0.1s  train acc 0.901  test acc 0.636  |  rates c1=0.356  c2=0.370  c3=0.358  fc=0.395

per-epoch log -> experiments/rates_binarised_dvsgesture_target0.300_seed1_t4.csv
plot -> experiments/m0_firing_rates_binarised.png

--- final per-layer firing rates (binarised) ---
  c1   35.59% of neurons fire per timestep
  c2   36.96% of neurons fire per timestep
  c3   35.78% of neurons fire per timestep
  fc   39.46% of neurons fire per timestep

final test accuracy: 63.64%
checkpoint -> experiments/rate_sweep_dvsg/dvsg_rate0.30_seed1.pt

This is a measurement, not a target. Do not tune it.
