/home/dhritiaravind/snn_parkour_fpga/train/03_train.py:69: UserWarning: Converting a tensor with requires_grad=True to a scalar may lead to unexpected behavior.
Consider using tensor.detach() first. (Triggered internally at /pytorch/torch/csrc/autograd/generated/python_variable_methods.cpp:836.)
  tot_loss += float(loss) * y.numel()
encoding : binarised   (D0003)
loading dvsgesture (first epoch also builds the frame cache)...
device: cuda   train batches: 8   test batches: 3

rate penalty: target 0.080, lambda 100.0, layers ('c1', 'c2', 'c3')
epoch  1    1.6s  train acc 0.306  test acc 0.511  |  rates c1=0.141  c2=0.100  c3=0.117  fc=0.228
epoch  2    0.1s  train acc 0.586  test acc 0.587  |  rates c1=0.129  c2=0.097  c3=0.113  fc=0.288
epoch  3    0.2s  train acc 0.614  test acc 0.580  |  rates c1=0.116  c2=0.095  c3=0.108  fc=0.309
epoch  4    0.1s  train acc 0.665  test acc 0.636  |  rates c1=0.113  c2=0.097  c3=0.107  fc=0.331
epoch  5    0.1s  train acc 0.681  test acc 0.633  |  rates c1=0.108  c2=0.097  c3=0.102  fc=0.324
epoch  6    0.2s  train acc 0.726  test acc 0.640  |  rates c1=0.105  c2=0.101  c3=0.107  fc=0.344
epoch  7    0.2s  train acc 0.762  test acc 0.644  |  rates c1=0.105  c2=0.101  c3=0.103  fc=0.341
epoch  8    0.1s  train acc 0.788  test acc 0.663  |  rates c1=0.108  c2=0.101  c3=0.104  fc=0.341
epoch  9    0.1s  train acc 0.812  test acc 0.663  |  rates c1=0.108  c2=0.101  c3=0.103  fc=0.341
epoch 10    0.2s  train acc 0.838  test acc 0.652  |  rates c1=0.107  c2=0.099  c3=0.101  fc=0.341
epoch 11    0.2s  train acc 0.873  test acc 0.659  |  rates c1=0.107  c2=0.101  c3=0.104  fc=0.347
epoch 12    0.1s  train acc 0.879  test acc 0.652  |  rates c1=0.101  c2=0.099  c3=0.099  fc=0.350
epoch 13    0.1s  train acc 0.896  test acc 0.652  |  rates c1=0.104  c2=0.099  c3=0.099  fc=0.349
epoch 14    0.1s  train acc 0.893  test acc 0.652  |  rates c1=0.107  c2=0.102  c3=0.101  fc=0.360
epoch 15    0.1s  train acc 0.930  test acc 0.667  |  rates c1=0.104  c2=0.100  c3=0.098  fc=0.359
epoch 16    0.1s  train acc 0.955  test acc 0.655  |  rates c1=0.102  c2=0.097  c3=0.099  fc=0.364
epoch 17    0.1s  train acc 0.967  test acc 0.689  |  rates c1=0.105  c2=0.102  c3=0.102  fc=0.371
epoch 18    0.1s  train acc 0.948  test acc 0.640  |  rates c1=0.105  c2=0.101  c3=0.097  fc=0.360
epoch 19    0.1s  train acc 0.983  test acc 0.655  |  rates c1=0.104  c2=0.100  c3=0.098  fc=0.367
epoch 20    0.1s  train acc 0.981  test acc 0.652  |  rates c1=0.102  c2=0.098  c3=0.098  fc=0.371
epoch 21    0.2s  train acc 0.990  test acc 0.659  |  rates c1=0.101  c2=0.097  c3=0.097  fc=0.371
epoch 22    0.1s  train acc 0.995  test acc 0.659  |  rates c1=0.104  c2=0.100  c3=0.098  fc=0.370
epoch 23    0.1s  train acc 0.991  test acc 0.678  |  rates c1=0.104  c2=0.098  c3=0.096  fc=0.369
epoch 24    0.1s  train acc 0.992  test acc 0.621  |  rates c1=0.101  c2=0.098  c3=0.096  fc=0.373
epoch 25    0.1s  train acc 0.994  test acc 0.633  |  rates c1=0.104  c2=0.099  c3=0.097  fc=0.366
epoch 26    0.1s  train acc 0.999  test acc 0.652  |  rates c1=0.101  c2=0.096  c3=0.093  fc=0.371
epoch 27    0.2s  train acc 0.999  test acc 0.652  |  rates c1=0.101  c2=0.095  c3=0.094  fc=0.378
epoch 28    0.2s  train acc 1.000  test acc 0.652  |  rates c1=0.101  c2=0.099  c3=0.097  fc=0.388
epoch 29    0.1s  train acc 1.000  test acc 0.652  |  rates c1=0.101  c2=0.096  c3=0.092  fc=0.375
epoch 30    0.2s  train acc 1.000  test acc 0.667  |  rates c1=0.101  c2=0.098  c3=0.097  fc=0.384

per-epoch log -> experiments/rates_binarised_dvsgesture_target0.080_seed1_t4.csv
plot -> experiments/m0_firing_rates_binarised.png

--- final per-layer firing rates (binarised) ---
  c1   10.14% of neurons fire per timestep
  c2    9.81% of neurons fire per timestep
  c3    9.71% of neurons fire per timestep
  fc   38.41% of neurons fire per timestep

final test accuracy: 66.67%
checkpoint -> experiments/rate_sweep_dvsg/dvsg_rate0.08_seed1.pt

This is a measurement, not a target. Do not tune it.
