/home/dhritiaravind/snn_parkour_fpga/train/03_train.py:69: UserWarning: Converting a tensor with requires_grad=True to a scalar may lead to unexpected behavior.
Consider using tensor.detach() first. (Triggered internally at /pytorch/torch/csrc/autograd/generated/python_variable_methods.cpp:836.)
  tot_loss += float(loss) * y.numel()
encoding : binarised   (D0003)
loading dvsgesture (first epoch also builds the frame cache)...
device: cuda   train batches: 8   test batches: 3

rate penalty: target 0.020, lambda 100.0, layers ('c1', 'c2', 'c3')
epoch  1    1.6s  train acc 0.237  test acc 0.383  |  rates c1=0.075  c2=0.054  c3=0.049  fc=0.103
epoch  2    0.1s  train acc 0.438  test acc 0.511  |  rates c1=0.068  c2=0.045  c3=0.057  fc=0.195
epoch  3    0.1s  train acc 0.551  test acc 0.598  |  rates c1=0.065  c2=0.042  c3=0.060  fc=0.246
epoch  4    0.1s  train acc 0.603  test acc 0.534  |  rates c1=0.062  c2=0.040  c3=0.058  fc=0.264
epoch  5    0.1s  train acc 0.629  test acc 0.583  |  rates c1=0.056  c2=0.040  c3=0.056  fc=0.277
epoch  6    0.1s  train acc 0.662  test acc 0.606  |  rates c1=0.052  c2=0.036  c3=0.050  fc=0.278
epoch  7    0.1s  train acc 0.678  test acc 0.606  |  rates c1=0.050  c2=0.036  c3=0.049  fc=0.268
epoch  8    0.1s  train acc 0.705  test acc 0.629  |  rates c1=0.045  c2=0.037  c3=0.049  fc=0.276
epoch  9    0.1s  train acc 0.726  test acc 0.617  |  rates c1=0.044  c2=0.035  c3=0.047  fc=0.281
epoch 10    0.1s  train acc 0.734  test acc 0.633  |  rates c1=0.044  c2=0.036  c3=0.045  fc=0.282
epoch 11    0.1s  train acc 0.763  test acc 0.614  |  rates c1=0.043  c2=0.036  c3=0.044  fc=0.279
epoch 12    0.1s  train acc 0.780  test acc 0.629  |  rates c1=0.041  c2=0.034  c3=0.041  fc=0.273
epoch 13    0.1s  train acc 0.815  test acc 0.629  |  rates c1=0.041  c2=0.034  c3=0.041  fc=0.272
epoch 14    0.1s  train acc 0.833  test acc 0.602  |  rates c1=0.040  c2=0.034  c3=0.039  fc=0.263
epoch 15    0.1s  train acc 0.837  test acc 0.629  |  rates c1=0.040  c2=0.034  c3=0.039  fc=0.275
epoch 16    0.1s  train acc 0.858  test acc 0.614  |  rates c1=0.040  c2=0.038  c3=0.045  fc=0.316
epoch 17    0.1s  train acc 0.899  test acc 0.610  |  rates c1=0.039  c2=0.034  c3=0.036  fc=0.255
epoch 18    0.1s  train acc 0.896  test acc 0.625  |  rates c1=0.040  c2=0.038  c3=0.042  fc=0.305
epoch 19    0.1s  train acc 0.901  test acc 0.614  |  rates c1=0.040  c2=0.034  c3=0.036  fc=0.266
epoch 20    0.1s  train acc 0.911  test acc 0.595  |  rates c1=0.039  c2=0.034  c3=0.037  fc=0.272
epoch 21    0.1s  train acc 0.911  test acc 0.606  |  rates c1=0.040  c2=0.037  c3=0.038  fc=0.286
epoch 22    0.1s  train acc 0.944  test acc 0.610  |  rates c1=0.039  c2=0.034  c3=0.036  fc=0.275
epoch 23    0.2s  train acc 0.953  test acc 0.633  |  rates c1=0.039  c2=0.035  c3=0.037  fc=0.284
epoch 24    0.1s  train acc 0.977  test acc 0.591  |  rates c1=0.037  c2=0.035  c3=0.037  fc=0.290
epoch 25    0.1s  train acc 0.982  test acc 0.606  |  rates c1=0.037  c2=0.034  c3=0.036  fc=0.287
epoch 26    0.1s  train acc 0.977  test acc 0.617  |  rates c1=0.036  c2=0.034  c3=0.036  fc=0.294
epoch 27    0.1s  train acc 0.986  test acc 0.625  |  rates c1=0.036  c2=0.034  c3=0.036  fc=0.291
epoch 28    0.1s  train acc 0.992  test acc 0.595  |  rates c1=0.033  c2=0.033  c3=0.036  fc=0.294
epoch 29    0.1s  train acc 0.986  test acc 0.595  |  rates c1=0.033  c2=0.032  c3=0.034  fc=0.283
epoch 30    0.1s  train acc 0.996  test acc 0.606  |  rates c1=0.034  c2=0.033  c3=0.035  fc=0.292

per-epoch log -> experiments/rates_binarised_dvsgesture_target0.020_seed2_t4.csv
plot -> experiments/m0_firing_rates_binarised.png

--- final per-layer firing rates (binarised) ---
  c1    3.35% of neurons fire per timestep
  c2    3.31% of neurons fire per timestep
  c3    3.49% of neurons fire per timestep
  fc   29.18% of neurons fire per timestep

final test accuracy: 60.61%
checkpoint -> experiments/rate_sweep_dvsg/dvsg_rate0.02_seed2.pt

This is a measurement, not a target. Do not tune it.
