/home/dhritiaravind/snn_parkour_fpga/train/03_train.py:69: UserWarning: Converting a tensor with requires_grad=True to a scalar may lead to unexpected behavior.
Consider using tensor.detach() first. (Triggered internally at /pytorch/torch/csrc/autograd/generated/python_variable_methods.cpp:836.)
  tot_loss += float(loss) * y.numel()
encoding : binarised   (D0003)
loading dvsgesture (first epoch also builds the frame cache)...
device: cuda   train batches: 8   test batches: 3

rate penalty: target 0.020, lambda 100.0, layers ('c1', 'c2', 'c3')
epoch  1    1.6s  train acc 0.238  test acc 0.322  |  rates c1=0.138  c2=0.046  c3=0.039  fc=0.089
epoch  2    0.2s  train acc 0.424  test acc 0.530  |  rates c1=0.122  c2=0.041  c3=0.051  fc=0.215
epoch  3    0.1s  train acc 0.531  test acc 0.542  |  rates c1=0.107  c2=0.039  c3=0.056  fc=0.268
epoch  4    0.2s  train acc 0.618  test acc 0.572  |  rates c1=0.092  c2=0.036  c3=0.052  fc=0.282
epoch  5    0.1s  train acc 0.637  test acc 0.568  |  rates c1=0.080  c2=0.034  c3=0.046  fc=0.267
epoch  6    0.1s  train acc 0.644  test acc 0.606  |  rates c1=0.070  c2=0.035  c3=0.050  fc=0.299
epoch  7    0.1s  train acc 0.693  test acc 0.617  |  rates c1=0.061  c2=0.035  c3=0.047  fc=0.294
epoch  8    0.2s  train acc 0.712  test acc 0.606  |  rates c1=0.059  c2=0.035  c3=0.047  fc=0.300
epoch  9    0.2s  train acc 0.751  test acc 0.621  |  rates c1=0.050  c2=0.032  c3=0.046  fc=0.310
epoch 10    0.2s  train acc 0.759  test acc 0.625  |  rates c1=0.049  c2=0.032  c3=0.044  fc=0.312
epoch 11    0.2s  train acc 0.794  test acc 0.625  |  rates c1=0.048  c2=0.033  c3=0.044  fc=0.312
epoch 12    0.1s  train acc 0.823  test acc 0.610  |  rates c1=0.047  c2=0.032  c3=0.040  fc=0.278
epoch 13    0.2s  train acc 0.823  test acc 0.644  |  rates c1=0.047  c2=0.032  c3=0.041  fc=0.295
epoch 14    0.2s  train acc 0.861  test acc 0.598  |  rates c1=0.047  c2=0.032  c3=0.040  fc=0.283
epoch 15    0.2s  train acc 0.905  test acc 0.644  |  rates c1=0.047  c2=0.033  c3=0.041  fc=0.305
epoch 16    0.2s  train acc 0.922  test acc 0.633  |  rates c1=0.043  c2=0.034  c3=0.040  fc=0.297
epoch 17    0.1s  train acc 0.922  test acc 0.640  |  rates c1=0.041  c2=0.034  c3=0.041  fc=0.313
epoch 18    0.1s  train acc 0.938  test acc 0.621  |  rates c1=0.040  c2=0.033  c3=0.040  fc=0.305
epoch 19    0.1s  train acc 0.949  test acc 0.652  |  rates c1=0.040  c2=0.034  c3=0.039  fc=0.309
epoch 20    0.1s  train acc 0.968  test acc 0.636  |  rates c1=0.040  c2=0.033  c3=0.039  fc=0.309
epoch 21    0.1s  train acc 0.971  test acc 0.610  |  rates c1=0.039  c2=0.033  c3=0.038  fc=0.305
epoch 22    0.1s  train acc 0.986  test acc 0.655  |  rates c1=0.039  c2=0.033  c3=0.038  fc=0.309
epoch 23    0.1s  train acc 0.985  test acc 0.629  |  rates c1=0.038  c2=0.033  c3=0.037  fc=0.308
epoch 24    0.1s  train acc 0.983  test acc 0.625  |  rates c1=0.038  c2=0.033  c3=0.038  fc=0.315
epoch 25    0.1s  train acc 0.993  test acc 0.617  |  rates c1=0.035  c2=0.031  c3=0.034  fc=0.280
epoch 26    0.2s  train acc 0.995  test acc 0.606  |  rates c1=0.035  c2=0.031  c3=0.033  fc=0.282
epoch 27    0.1s  train acc 0.992  test acc 0.621  |  rates c1=0.035  c2=0.031  c3=0.033  fc=0.284
epoch 28    0.2s  train acc 0.999  test acc 0.629  |  rates c1=0.036  c2=0.033  c3=0.036  fc=0.322
epoch 29    0.1s  train acc 0.999  test acc 0.640  |  rates c1=0.035  c2=0.030  c3=0.033  fc=0.289
epoch 30    0.1s  train acc 0.999  test acc 0.636  |  rates c1=0.035  c2=0.034  c3=0.036  fc=0.331

per-epoch log -> experiments/rates_binarised_dvsgesture_target0.020_seed1_t4.csv
plot -> experiments/m0_firing_rates_binarised.png

--- final per-layer firing rates (binarised) ---
  c1    3.54% of neurons fire per timestep
  c2    3.38% of neurons fire per timestep
  c3    3.62% of neurons fire per timestep
  fc   33.09% of neurons fire per timestep

final test accuracy: 63.64%
checkpoint -> experiments/rate_sweep_dvsg/dvsg_rate0.02_seed1.pt

This is a measurement, not a target. Do not tune it.
