/home/dhritiaravind/snn_parkour_fpga/train/03_train.py:69: UserWarning: Converting a tensor with requires_grad=True to a scalar may lead to unexpected behavior.
Consider using tensor.detach() first. (Triggered internally at /pytorch/torch/csrc/autograd/generated/python_variable_methods.cpp:836.)
  tot_loss += float(loss) * y.numel()
encoding : binarised   (D0003)
loading dvsgesture (first epoch also builds the frame cache)...
device: cuda   train batches: 8   test batches: 3

rate penalty: target 0.300, lambda 100.0, layers ('c1', 'c2', 'c3')
epoch  1    1.6s  train acc 0.261  test acc 0.428  |  rates c1=0.085  c2=0.172  c3=0.356  fc=0.327
epoch  2    0.1s  train acc 0.417  test acc 0.451  |  rates c1=0.100  c2=0.263  c3=0.462  fc=0.339
epoch  3    0.1s  train acc 0.512  test acc 0.519  |  rates c1=0.119  c2=0.328  c3=0.398  fc=0.335
epoch  4    0.1s  train acc 0.539  test acc 0.542  |  rates c1=0.140  c2=0.372  c3=0.341  fc=0.345
epoch  5    0.1s  train acc 0.562  test acc 0.530  |  rates c1=0.166  c2=0.395  c3=0.360  fc=0.369
epoch  6    0.1s  train acc 0.576  test acc 0.549  |  rates c1=0.189  c2=0.391  c3=0.356  fc=0.366
epoch  7    0.2s  train acc 0.587  test acc 0.564  |  rates c1=0.206  c2=0.384  c3=0.362  fc=0.366
epoch  8    0.1s  train acc 0.630  test acc 0.595  |  rates c1=0.220  c2=0.377  c3=0.354  fc=0.368
epoch  9    0.1s  train acc 0.621  test acc 0.580  |  rates c1=0.249  c2=0.379  c3=0.360  fc=0.361
epoch 10    0.1s  train acc 0.659  test acc 0.580  |  rates c1=0.276  c2=0.384  c3=0.355  fc=0.366
epoch 11    0.1s  train acc 0.668  test acc 0.591  |  rates c1=0.294  c2=0.384  c3=0.360  fc=0.367
epoch 12    0.1s  train acc 0.687  test acc 0.621  |  rates c1=0.299  c2=0.374  c3=0.354  fc=0.354
epoch 13    0.1s  train acc 0.691  test acc 0.587  |  rates c1=0.302  c2=0.378  c3=0.357  fc=0.359
epoch 14    0.1s  train acc 0.710  test acc 0.617  |  rates c1=0.304  c2=0.376  c3=0.360  fc=0.354
epoch 15    0.1s  train acc 0.745  test acc 0.629  |  rates c1=0.306  c2=0.377  c3=0.356  fc=0.355
epoch 16    0.1s  train acc 0.767  test acc 0.617  |  rates c1=0.309  c2=0.376  c3=0.354  fc=0.361
epoch 17    0.1s  train acc 0.757  test acc 0.614  |  rates c1=0.317  c2=0.371  c3=0.354  fc=0.356
epoch 18    0.1s  train acc 0.753  test acc 0.606  |  rates c1=0.326  c2=0.372  c3=0.356  fc=0.352
epoch 19    0.2s  train acc 0.769  test acc 0.617  |  rates c1=0.329  c2=0.379  c3=0.366  fc=0.354
epoch 20    0.1s  train acc 0.781  test acc 0.629  |  rates c1=0.331  c2=0.377  c3=0.357  fc=0.356
epoch 21    0.1s  train acc 0.798  test acc 0.625  |  rates c1=0.333  c2=0.380  c3=0.367  fc=0.363
epoch 22    0.1s  train acc 0.823  test acc 0.625  |  rates c1=0.334  c2=0.374  c3=0.349  fc=0.359
epoch 23    0.1s  train acc 0.828  test acc 0.614  |  rates c1=0.336  c2=0.371  c3=0.355  fc=0.355
epoch 24    0.1s  train acc 0.819  test acc 0.636  |  rates c1=0.337  c2=0.372  c3=0.360  fc=0.358
epoch 25    0.1s  train acc 0.858  test acc 0.648  |  rates c1=0.338  c2=0.378  c3=0.363  fc=0.363
epoch 26    0.1s  train acc 0.858  test acc 0.648  |  rates c1=0.339  c2=0.378  c3=0.359  fc=0.364
epoch 27    0.2s  train acc 0.858  test acc 0.640  |  rates c1=0.340  c2=0.376  c3=0.358  fc=0.366
epoch 28    0.1s  train acc 0.847  test acc 0.625  |  rates c1=0.341  c2=0.375  c3=0.362  fc=0.360
epoch 29    0.1s  train acc 0.878  test acc 0.625  |  rates c1=0.342  c2=0.378  c3=0.365  fc=0.363
epoch 30    0.2s  train acc 0.889  test acc 0.663  |  rates c1=0.342  c2=0.376  c3=0.354  fc=0.369

per-epoch log -> experiments/rates_binarised_dvsgesture_target0.300_seed0_t4.csv
plot -> experiments/m0_firing_rates_binarised.png

--- final per-layer firing rates (binarised) ---
  c1   34.25% of neurons fire per timestep
  c2   37.59% of neurons fire per timestep
  c3   35.35% of neurons fire per timestep
  fc   36.92% of neurons fire per timestep

final test accuracy: 66.29%
checkpoint -> experiments/rate_sweep_dvsg/dvsg_rate0.30_seed0.pt

This is a measurement, not a target. Do not tune it.
