/home/dhritiaravind/snn_parkour_fpga/train/03_train.py:69: UserWarning: Converting a tensor with requires_grad=True to a scalar may lead to unexpected behavior.
Consider using tensor.detach() first. (Triggered internally at /pytorch/torch/csrc/autograd/generated/python_variable_methods.cpp:836.)
  tot_loss += float(loss) * y.numel()
encoding : binarised   (D0003)
loading dvsgesture (first epoch also builds the frame cache)...
device: cuda   train batches: 8   test batches: 3

rate penalty: target 0.040, lambda 100.0, layers ('c1', 'c2', 'c3')
epoch  1    1.7s  train acc 0.266  test acc 0.413  |  rates c1=0.076  c2=0.059  c3=0.064  fc=0.130
epoch  2    0.1s  train acc 0.482  test acc 0.489  |  rates c1=0.069  c2=0.056  c3=0.077  fc=0.226
epoch  3    0.1s  train acc 0.581  test acc 0.576  |  rates c1=0.066  c2=0.054  c3=0.074  fc=0.258
epoch  4    0.1s  train acc 0.638  test acc 0.576  |  rates c1=0.064  c2=0.054  c3=0.072  fc=0.285
epoch  5    0.1s  train acc 0.665  test acc 0.587  |  rates c1=0.063  c2=0.053  c3=0.069  fc=0.297
epoch  6    0.1s  train acc 0.712  test acc 0.595  |  rates c1=0.062  c2=0.054  c3=0.067  fc=0.305
epoch  7    0.1s  train acc 0.706  test acc 0.602  |  rates c1=0.061  c2=0.054  c3=0.061  fc=0.295
epoch  8    0.2s  train acc 0.738  test acc 0.610  |  rates c1=0.061  c2=0.056  c3=0.063  fc=0.305
epoch  9    0.2s  train acc 0.771  test acc 0.602  |  rates c1=0.061  c2=0.057  c3=0.062  fc=0.315
epoch 10    0.2s  train acc 0.791  test acc 0.610  |  rates c1=0.060  c2=0.056  c3=0.060  fc=0.316
epoch 11    0.1s  train acc 0.806  test acc 0.644  |  rates c1=0.060  c2=0.056  c3=0.059  fc=0.313
epoch 12    0.1s  train acc 0.820  test acc 0.614  |  rates c1=0.058  c2=0.057  c3=0.061  fc=0.321
epoch 13    0.1s  train acc 0.847  test acc 0.640  |  rates c1=0.055  c2=0.055  c3=0.059  fc=0.321
epoch 14    0.1s  train acc 0.883  test acc 0.640  |  rates c1=0.060  c2=0.057  c3=0.058  fc=0.323
epoch 15    0.2s  train acc 0.909  test acc 0.625  |  rates c1=0.058  c2=0.057  c3=0.058  fc=0.335
epoch 16    0.2s  train acc 0.906  test acc 0.655  |  rates c1=0.057  c2=0.055  c3=0.055  fc=0.319
epoch 17    0.1s  train acc 0.934  test acc 0.606  |  rates c1=0.058  c2=0.058  c3=0.060  fc=0.341
epoch 18    0.1s  train acc 0.935  test acc 0.655  |  rates c1=0.055  c2=0.055  c3=0.054  fc=0.332
epoch 19    0.2s  train acc 0.960  test acc 0.663  |  rates c1=0.052  c2=0.053  c3=0.054  fc=0.329
epoch 20    0.2s  train acc 0.958  test acc 0.640  |  rates c1=0.055  c2=0.057  c3=0.056  fc=0.346
epoch 21    0.1s  train acc 0.974  test acc 0.659  |  rates c1=0.055  c2=0.058  c3=0.055  fc=0.340
epoch 22    0.1s  train acc 0.973  test acc 0.629  |  rates c1=0.058  c2=0.056  c3=0.056  fc=0.353
epoch 23    0.1s  train acc 0.983  test acc 0.625  |  rates c1=0.058  c2=0.058  c3=0.056  fc=0.352
epoch 24    0.1s  train acc 0.988  test acc 0.629  |  rates c1=0.052  c2=0.054  c3=0.053  fc=0.341
epoch 25    0.2s  train acc 0.991  test acc 0.640  |  rates c1=0.053  c2=0.054  c3=0.053  fc=0.347
epoch 26    0.1s  train acc 0.990  test acc 0.633  |  rates c1=0.055  c2=0.058  c3=0.054  fc=0.351
epoch 27    0.1s  train acc 0.998  test acc 0.636  |  rates c1=0.052  c2=0.054  c3=0.052  fc=0.345
epoch 28    0.1s  train acc 0.994  test acc 0.633  |  rates c1=0.052  c2=0.054  c3=0.053  fc=0.346
epoch 29    0.1s  train acc 0.992  test acc 0.625  |  rates c1=0.055  c2=0.055  c3=0.053  fc=0.351
epoch 30    0.1s  train acc 0.997  test acc 0.587  |  rates c1=0.052  c2=0.052  c3=0.051  fc=0.339

per-epoch log -> experiments/rates_binarised_dvsgesture_target0.040_seed2_t4.csv
plot -> experiments/m0_firing_rates_binarised.png

--- final per-layer firing rates (binarised) ---
  c1    5.21% of neurons fire per timestep
  c2    5.25% of neurons fire per timestep
  c3    5.06% of neurons fire per timestep
  fc   33.85% of neurons fire per timestep

final test accuracy: 58.71%
checkpoint -> experiments/rate_sweep_dvsg/dvsg_rate0.04_seed2.pt

This is a measurement, not a target. Do not tune it.
