/home/dhritiaravind/snn_parkour_fpga/train/03_train.py:69: UserWarning: Converting a tensor with requires_grad=True to a scalar may lead to unexpected behavior.
Consider using tensor.detach() first. (Triggered internally at /pytorch/torch/csrc/autograd/generated/python_variable_methods.cpp:836.)
  tot_loss += float(loss) * y.numel()
encoding : binarised   (D0003)
loading dvsgesture (first epoch also builds the frame cache)...
device: cuda   train batches: 8   test batches: 3

epoch  1    1.8s  train acc 0.279  test acc 0.451  |  rates c1=0.055  c2=0.059  c3=0.069  fc=0.114
epoch  2    0.4s  train acc 0.520  test acc 0.561  |  rates c1=0.054  c2=0.055  c3=0.065  fc=0.110
epoch  3    0.4s  train acc 0.598  test acc 0.610  |  rates c1=0.054  c2=0.055  c3=0.071  fc=0.132
epoch  4    0.4s  train acc 0.678  test acc 0.606  |  rates c1=0.053  c2=0.057  c3=0.075  fc=0.143
epoch  5    0.4s  train acc 0.718  test acc 0.629  |  rates c1=0.053  c2=0.058  c3=0.077  fc=0.148
epoch  6    0.4s  train acc 0.751  test acc 0.602  |  rates c1=0.053  c2=0.059  c3=0.078  fc=0.150
epoch  7    0.4s  train acc 0.757  test acc 0.602  |  rates c1=0.053  c2=0.059  c3=0.076  fc=0.145
epoch  8    0.4s  train acc 0.758  test acc 0.621  |  rates c1=0.053  c2=0.060  c3=0.077  fc=0.145
epoch  9    0.4s  train acc 0.823  test acc 0.625  |  rates c1=0.053  c2=0.061  c3=0.080  fc=0.150
epoch 10    0.4s  train acc 0.857  test acc 0.625  |  rates c1=0.053  c2=0.063  c3=0.084  fc=0.162
epoch 11    0.4s  train acc 0.873  test acc 0.667  |  rates c1=0.054  c2=0.065  c3=0.086  fc=0.165
epoch 12    0.4s  train acc 0.863  test acc 0.648  |  rates c1=0.054  c2=0.065  c3=0.086  fc=0.167
epoch 13    0.4s  train acc 0.907  test acc 0.663  |  rates c1=0.054  c2=0.066  c3=0.086  fc=0.166
epoch 14    0.4s  train acc 0.936  test acc 0.655  |  rates c1=0.054  c2=0.067  c3=0.088  fc=0.172
epoch 15    0.4s  train acc 0.941  test acc 0.617  |  rates c1=0.055  c2=0.069  c3=0.092  fc=0.181
epoch 16    0.4s  train acc 0.956  test acc 0.655  |  rates c1=0.055  c2=0.070  c3=0.094  fc=0.186
epoch 17    0.4s  train acc 0.966  test acc 0.655  |  rates c1=0.056  c2=0.070  c3=0.096  fc=0.191
epoch 18    0.4s  train acc 0.976  test acc 0.663  |  rates c1=0.056  c2=0.072  c3=0.098  fc=0.193
epoch 19    0.4s  train acc 0.982  test acc 0.674  |  rates c1=0.057  c2=0.074  c3=0.101  fc=0.199
epoch 20    0.4s  train acc 0.985  test acc 0.655  |  rates c1=0.057  c2=0.074  c3=0.101  fc=0.197
epoch 21    0.4s  train acc 0.992  test acc 0.663  |  rates c1=0.057  c2=0.075  c3=0.102  fc=0.197
epoch 22    0.4s  train acc 0.985  test acc 0.678  |  rates c1=0.057  c2=0.076  c3=0.103  fc=0.202
epoch 23    0.4s  train acc 0.989  test acc 0.682  |  rates c1=0.057  c2=0.076  c3=0.103  fc=0.201
epoch 24    0.4s  train acc 0.996  test acc 0.670  |  rates c1=0.058  c2=0.077  c3=0.106  fc=0.207
epoch 25    0.4s  train acc 0.994  test acc 0.674  |  rates c1=0.058  c2=0.078  c3=0.107  fc=0.208
epoch 26    0.4s  train acc 0.999  test acc 0.686  |  rates c1=0.058  c2=0.078  c3=0.108  fc=0.211
epoch 27    0.4s  train acc 0.998  test acc 0.674  |  rates c1=0.058  c2=0.079  c3=0.108  fc=0.210
epoch 28    0.4s  train acc 0.996  test acc 0.670  |  rates c1=0.058  c2=0.079  c3=0.109  fc=0.210
epoch 29    0.4s  train acc 0.993  test acc 0.697  |  rates c1=0.058  c2=0.079  c3=0.107  fc=0.202
epoch 30    0.4s  train acc 0.999  test acc 0.689  |  rates c1=0.059  c2=0.079  c3=0.106  fc=0.205

per-epoch log -> experiments/m0_firing_rates_binarised_dvsgesture_seed2_t16.csv
plot -> experiments/m0_firing_rates_binarised.png

--- final per-layer firing rates (binarised) ---
  c1    5.85% of neurons fire per timestep
  c2    7.87% of neurons fire per timestep
  c3   10.56% of neurons fire per timestep
  fc   20.47% of neurons fire per timestep

final test accuracy: 68.94%
checkpoint -> experiments/dvsgesture/t16/dvsgesture_beta0875_seed2_t16.pt

This is a measurement, not a target. Do not tune it.
