/home/dhritiaravind/snn_parkour_fpga/train/03_train.py:69: UserWarning: Converting a tensor with requires_grad=True to a scalar may lead to unexpected behavior.
Consider using tensor.detach() first. (Triggered internally at /pytorch/torch/csrc/autograd/generated/python_variable_methods.cpp:836.)
  tot_loss += float(loss) * y.numel()
encoding : binarised   (D0003)
loading dvsgesture (first epoch also builds the frame cache)...
device: cuda   train batches: 8   test batches: 3

epoch  1    1.8s  train acc 0.267  test acc 0.409  |  rates c1=0.103  c2=0.057  c3=0.056  fc=0.074
epoch  2    0.4s  train acc 0.544  test acc 0.561  |  rates c1=0.103  c2=0.058  c3=0.060  fc=0.096
epoch  3    0.4s  train acc 0.618  test acc 0.610  |  rates c1=0.103  c2=0.060  c3=0.069  fc=0.126
epoch  4    0.4s  train acc 0.694  test acc 0.644  |  rates c1=0.104  c2=0.062  c3=0.072  fc=0.135
epoch  5    0.4s  train acc 0.745  test acc 0.629  |  rates c1=0.104  c2=0.064  c3=0.074  fc=0.138
epoch  6    0.4s  train acc 0.789  test acc 0.648  |  rates c1=0.105  c2=0.067  c3=0.078  fc=0.146
epoch  7    0.4s  train acc 0.827  test acc 0.670  |  rates c1=0.105  c2=0.069  c3=0.082  fc=0.159
epoch  8    0.4s  train acc 0.873  test acc 0.663  |  rates c1=0.105  c2=0.071  c3=0.087  fc=0.168
epoch  9    0.4s  train acc 0.901  test acc 0.663  |  rates c1=0.105  c2=0.072  c3=0.090  fc=0.176
epoch 10    0.4s  train acc 0.912  test acc 0.644  |  rates c1=0.105  c2=0.071  c3=0.090  fc=0.179
epoch 11    0.4s  train acc 0.939  test acc 0.663  |  rates c1=0.106  c2=0.072  c3=0.091  fc=0.181
epoch 12    0.4s  train acc 0.944  test acc 0.693  |  rates c1=0.106  c2=0.073  c3=0.095  fc=0.191
epoch 13    0.4s  train acc 0.943  test acc 0.678  |  rates c1=0.106  c2=0.074  c3=0.096  fc=0.193
epoch 14    0.4s  train acc 0.958  test acc 0.678  |  rates c1=0.106  c2=0.074  c3=0.096  fc=0.192
epoch 15    0.4s  train acc 0.979  test acc 0.674  |  rates c1=0.106  c2=0.075  c3=0.099  fc=0.202
epoch 16    0.4s  train acc 0.977  test acc 0.663  |  rates c1=0.106  c2=0.076  c3=0.099  fc=0.205
epoch 17    0.4s  train acc 0.989  test acc 0.674  |  rates c1=0.106  c2=0.076  c3=0.099  fc=0.199
epoch 18    0.4s  train acc 0.990  test acc 0.708  |  rates c1=0.107  c2=0.079  c3=0.103  fc=0.212
epoch 19    0.4s  train acc 0.998  test acc 0.682  |  rates c1=0.107  c2=0.079  c3=0.105  fc=0.214
epoch 20    0.4s  train acc 0.994  test acc 0.686  |  rates c1=0.107  c2=0.080  c3=0.107  fc=0.219
epoch 21    0.4s  train acc 0.999  test acc 0.701  |  rates c1=0.107  c2=0.080  c3=0.106  fc=0.217
epoch 22    0.4s  train acc 1.000  test acc 0.697  |  rates c1=0.107  c2=0.081  c3=0.107  fc=0.223
epoch 23    0.4s  train acc 1.000  test acc 0.705  |  rates c1=0.107  c2=0.081  c3=0.109  fc=0.228
epoch 24    0.4s  train acc 1.000  test acc 0.701  |  rates c1=0.107  c2=0.082  c3=0.111  fc=0.232
epoch 25    0.4s  train acc 1.000  test acc 0.697  |  rates c1=0.107  c2=0.083  c3=0.113  fc=0.239
epoch 26    0.4s  train acc 1.000  test acc 0.712  |  rates c1=0.108  c2=0.083  c3=0.114  fc=0.240
epoch 27    0.4s  train acc 1.000  test acc 0.686  |  rates c1=0.108  c2=0.083  c3=0.115  fc=0.241
epoch 28    0.4s  train acc 1.000  test acc 0.701  |  rates c1=0.108  c2=0.084  c3=0.116  fc=0.243
epoch 29    0.4s  train acc 1.000  test acc 0.689  |  rates c1=0.108  c2=0.084  c3=0.116  fc=0.244
epoch 30    0.4s  train acc 1.000  test acc 0.701  |  rates c1=0.108  c2=0.084  c3=0.117  fc=0.245

per-epoch log -> experiments/m0_firing_rates_binarised_dvsgesture_seed1_t16.csv
plot -> experiments/m0_firing_rates_binarised.png

--- final per-layer firing rates (binarised) ---
  c1   10.81% of neurons fire per timestep
  c2    8.43% of neurons fire per timestep
  c3   11.72% of neurons fire per timestep
  fc   24.51% of neurons fire per timestep

final test accuracy: 70.08%
checkpoint -> experiments/dvsgesture/t16/dvsgesture_beta0875_seed1_t16.pt

This is a measurement, not a target. Do not tune it.
